                                      1 ;--------------------------------------------------------
                                      2 ; File Created by SDCC : free open source ANSI-C Compiler
                                      3 ; Version 4.0.4 #11941 (Mac OS X x86_64)
                                      4 ;--------------------------------------------------------
                                      5 	.module fire
                                      6 	.optsdcc -mgbz80
                                      7 	
                                      8 ;--------------------------------------------------------
                                      9 ; Public variables in this module
                                     10 ;--------------------------------------------------------
                                     11 	.globl _FIRE
                                     12 ;--------------------------------------------------------
                                     13 ; special function registers
                                     14 ;--------------------------------------------------------
                                     15 ;--------------------------------------------------------
                                     16 ; ram data
                                     17 ;--------------------------------------------------------
                                     18 	.area _DATA
                                     19 ;--------------------------------------------------------
                                     20 ; absolute external ram data
                                     21 ;--------------------------------------------------------
                                     22 	.area _DABS (ABS)
                                     23 ;--------------------------------------------------------
                                     24 ; global & static initialisations
                                     25 ;--------------------------------------------------------
                                     26 	.area _HOME
                                     27 	.area _GSINIT
                                     28 	.area _GSFINAL
                                     29 	.area _GSINIT
                                     30 ;--------------------------------------------------------
                                     31 ; Home
                                     32 ;--------------------------------------------------------
                                     33 	.area _HOME
                                     34 	.area _HOME
                                     35 ;--------------------------------------------------------
                                     36 ; code
                                     37 ;--------------------------------------------------------
                                     38 	.area _CODE
                                     39 	.area _CODE
      000000                         40 _FIRE:
      000000 00                      41 	.db #0x00	; 0
      000001 00                      42 	.db #0x00	; 0
      000002 00                      43 	.db #0x00	; 0
      000003 00                      44 	.db #0x00	; 0
      000004 00                      45 	.db #0x00	; 0
      000005 00                      46 	.db #0x00	; 0
      000006 00                      47 	.db #0x00	; 0
      000007 00                      48 	.db #0x00	; 0
      000008 00                      49 	.db #0x00	; 0
      000009 00                      50 	.db #0x00	; 0
      00000A 00                      51 	.db #0x00	; 0
      00000B 00                      52 	.db #0x00	; 0
      00000C 00                      53 	.db #0x00	; 0
      00000D 00                      54 	.db #0x00	; 0
      00000E 0C                      55 	.db #0x0c	; 12
      00000F 03                      56 	.db #0x03	; 3
      000010 0E                      57 	.db #0x0e	; 14
      000011 01                      58 	.db #0x01	; 1
      000012 07                      59 	.db #0x07	; 7
      000013 08                      60 	.db #0x08	; 8
      000014 03                      61 	.db #0x03	; 3
      000015 04                      62 	.db #0x04	; 4
      000016 00                      63 	.db #0x00	; 0
      000017 00                      64 	.db #0x00	; 0
      000018 00                      65 	.db #0x00	; 0
      000019 00                      66 	.db #0x00	; 0
      00001A 00                      67 	.db #0x00	; 0
      00001B 00                      68 	.db #0x00	; 0
      00001C 00                      69 	.db #0x00	; 0
      00001D 00                      70 	.db #0x00	; 0
      00001E 00                      71 	.db #0x00	; 0
      00001F 00                      72 	.db #0x00	; 0
      000020 00                      73 	.db #0x00	; 0
      000021 00                      74 	.db #0x00	; 0
      000022 00                      75 	.db #0x00	; 0
      000023 00                      76 	.db #0x00	; 0
      000024 00                      77 	.db #0x00	; 0
      000025 00                      78 	.db #0x00	; 0
      000026 00                      79 	.db #0x00	; 0
      000027 00                      80 	.db #0x00	; 0
      000028 00                      81 	.db #0x00	; 0
      000029 00                      82 	.db #0x00	; 0
      00002A 00                      83 	.db #0x00	; 0
      00002B 00                      84 	.db #0x00	; 0
      00002C 00                      85 	.db #0x00	; 0
      00002D 00                      86 	.db #0x00	; 0
      00002E 00                      87 	.db #0x00	; 0
      00002F 70                      88 	.db #0x70	; 112	'p'
      000030 50                      89 	.db #0x50	; 80	'P'
      000031 A8                      90 	.db #0xa8	; 168
      000032 60                      91 	.db #0x60	; 96
      000033 90                      92 	.db #0x90	; 144
      000034 E0                      93 	.db #0xe0	; 224
      000035 00                      94 	.db #0x00	; 0
      000036 00                      95 	.db #0x00	; 0
      000037 00                      96 	.db #0x00	; 0
      000038 00                      97 	.db #0x00	; 0
      000039 00                      98 	.db #0x00	; 0
      00003A 00                      99 	.db #0x00	; 0
      00003B 00                     100 	.db #0x00	; 0
      00003C 00                     101 	.db #0x00	; 0
      00003D 00                     102 	.db #0x00	; 0
      00003E 00                     103 	.db #0x00	; 0
      00003F 00                     104 	.db #0x00	; 0
      000040 00                     105 	.db #0x00	; 0
      000041 00                     106 	.db #0x00	; 0
      000042 00                     107 	.db #0x00	; 0
      000043 00                     108 	.db #0x00	; 0
      000044 00                     109 	.db #0x00	; 0
      000045 00                     110 	.db #0x00	; 0
      000046 00                     111 	.db #0x00	; 0
      000047 00                     112 	.db #0x00	; 0
      000048 00                     113 	.db #0x00	; 0
      000049 00                     114 	.db #0x00	; 0
      00004A 00                     115 	.db #0x00	; 0
      00004B 00                     116 	.db #0x00	; 0
      00004C 00                     117 	.db #0x00	; 0
      00004D 00                     118 	.db #0x00	; 0
      00004E 08                     119 	.db #0x08	; 8
      00004F 06                     120 	.db #0x06	; 6
      000050 1C                     121 	.db #0x1c	; 28
      000051 03                     122 	.db #0x03	; 3
      000052 0E                     123 	.db #0x0e	; 14
      000053 11                     124 	.db #0x11	; 17
      000054 07                     125 	.db #0x07	; 7
      000055 08                     126 	.db #0x08	; 8
      000056 00                     127 	.db #0x00	; 0
      000057 00                     128 	.db #0x00	; 0
      000058 00                     129 	.db #0x00	; 0
      000059 00                     130 	.db #0x00	; 0
      00005A 00                     131 	.db #0x00	; 0
      00005B 00                     132 	.db #0x00	; 0
      00005C 00                     133 	.db #0x00	; 0
      00005D 00                     134 	.db #0x00	; 0
      00005E 00                     135 	.db #0x00	; 0
      00005F 00                     136 	.db #0x00	; 0
      000060 00                     137 	.db #0x00	; 0
      000061 00                     138 	.db #0x00	; 0
      000062 00                     139 	.db #0x00	; 0
      000063 00                     140 	.db #0x00	; 0
      000064 00                     141 	.db #0x00	; 0
      000065 00                     142 	.db #0x00	; 0
      000066 00                     143 	.db #0x00	; 0
      000067 00                     144 	.db #0x00	; 0
      000068 00                     145 	.db #0x00	; 0
      000069 00                     146 	.db #0x00	; 0
      00006A 00                     147 	.db #0x00	; 0
      00006B 00                     148 	.db #0x00	; 0
      00006C 00                     149 	.db #0x00	; 0
      00006D 00                     150 	.db #0x00	; 0
      00006E 10                     151 	.db #0x10	; 16
      00006F A0                     152 	.db #0xa0	; 160
      000070 18                     153 	.db #0x18	; 24
      000071 20                     154 	.db #0x20	; 32
      000072 38                     155 	.db #0x38	; 56	'8'
      000073 C0                     156 	.db #0xc0	; 192
      000074 F0                     157 	.db #0xf0	; 240
      000075 08                     158 	.db #0x08	; 8
      000076 00                     159 	.db #0x00	; 0
      000077 00                     160 	.db #0x00	; 0
      000078 00                     161 	.db #0x00	; 0
      000079 00                     162 	.db #0x00	; 0
      00007A 00                     163 	.db #0x00	; 0
      00007B 00                     164 	.db #0x00	; 0
      00007C 00                     165 	.db #0x00	; 0
      00007D 00                     166 	.db #0x00	; 0
      00007E 00                     167 	.db #0x00	; 0
      00007F 00                     168 	.db #0x00	; 0
      000080 00                     169 	.db #0x00	; 0
      000081 00                     170 	.db #0x00	; 0
      000082 00                     171 	.db #0x00	; 0
      000083 00                     172 	.db #0x00	; 0
      000084 00                     173 	.db #0x00	; 0
      000085 00                     174 	.db #0x00	; 0
      000086 00                     175 	.db #0x00	; 0
      000087 00                     176 	.db #0x00	; 0
      000088 00                     177 	.db #0x00	; 0
      000089 00                     178 	.db #0x00	; 0
      00008A 00                     179 	.db #0x00	; 0
      00008B 00                     180 	.db #0x00	; 0
      00008C 00                     181 	.db #0x00	; 0
      00008D 00                     182 	.db #0x00	; 0
      00008E 00                     183 	.db #0x00	; 0
      00008F 07                     184 	.db #0x07	; 7
      000090 00                     185 	.db #0x00	; 0
      000091 1F                     186 	.db #0x1f	; 31
      000092 00                     187 	.db #0x00	; 0
      000093 1F                     188 	.db #0x1f	; 31
      000094 0C                     189 	.db #0x0c	; 12
      000095 13                     190 	.db #0x13	; 19
      000096 00                     191 	.db #0x00	; 0
      000097 00                     192 	.db #0x00	; 0
      000098 00                     193 	.db #0x00	; 0
      000099 00                     194 	.db #0x00	; 0
      00009A 00                     195 	.db #0x00	; 0
      00009B 00                     196 	.db #0x00	; 0
      00009C 00                     197 	.db #0x00	; 0
      00009D 00                     198 	.db #0x00	; 0
      00009E 00                     199 	.db #0x00	; 0
      00009F 00                     200 	.db #0x00	; 0
      0000A0 00                     201 	.db #0x00	; 0
      0000A1 00                     202 	.db #0x00	; 0
      0000A2 00                     203 	.db #0x00	; 0
      0000A3 00                     204 	.db #0x00	; 0
      0000A4 00                     205 	.db #0x00	; 0
      0000A5 00                     206 	.db #0x00	; 0
      0000A6 00                     207 	.db #0x00	; 0
      0000A7 00                     208 	.db #0x00	; 0
      0000A8 00                     209 	.db #0x00	; 0
      0000A9 00                     210 	.db #0x00	; 0
      0000AA 00                     211 	.db #0x00	; 0
      0000AB 00                     212 	.db #0x00	; 0
      0000AC 00                     213 	.db #0x00	; 0
      0000AD 00                     214 	.db #0x00	; 0
      0000AE 00                     215 	.db #0x00	; 0
      0000AF 10                     216 	.db #0x10	; 16
      0000B0 08                     217 	.db #0x08	; 8
      0000B1 B0                     218 	.db #0xb0	; 176
      0000B2 18                     219 	.db #0x18	; 24
      0000B3 E0                     220 	.db #0xe0	; 224
      0000B4 38                     221 	.db #0x38	; 56	'8'
      0000B5 C0                     222 	.db #0xc0	; 192
      0000B6 00                     223 	.db #0x00	; 0
      0000B7 00                     224 	.db #0x00	; 0
      0000B8 00                     225 	.db #0x00	; 0
      0000B9 00                     226 	.db #0x00	; 0
      0000BA 00                     227 	.db #0x00	; 0
      0000BB 00                     228 	.db #0x00	; 0
      0000BC 00                     229 	.db #0x00	; 0
      0000BD 00                     230 	.db #0x00	; 0
      0000BE 00                     231 	.db #0x00	; 0
      0000BF 00                     232 	.db #0x00	; 0
      0000C0 00                     233 	.db #0x00	; 0
      0000C1 00                     234 	.db #0x00	; 0
      0000C2 00                     235 	.db #0x00	; 0
      0000C3 00                     236 	.db #0x00	; 0
      0000C4 00                     237 	.db #0x00	; 0
      0000C5 00                     238 	.db #0x00	; 0
      0000C6 00                     239 	.db #0x00	; 0
      0000C7 00                     240 	.db #0x00	; 0
      0000C8 00                     241 	.db #0x00	; 0
      0000C9 00                     242 	.db #0x00	; 0
      0000CA 00                     243 	.db #0x00	; 0
      0000CB 00                     244 	.db #0x00	; 0
      0000CC 00                     245 	.db #0x00	; 0
      0000CD 00                     246 	.db #0x00	; 0
      0000CE 00                     247 	.db #0x00	; 0
      0000CF 0D                     248 	.db #0x0d	; 13
      0000D0 0C                     249 	.db #0x0c	; 12
      0000D1 13                     250 	.db #0x13	; 19
      0000D2 0E                     251 	.db #0x0e	; 14
      0000D3 11                     252 	.db #0x11	; 17
      0000D4 0F                     253 	.db #0x0f	; 15
      0000D5 10                     254 	.db #0x10	; 16
      0000D6 00                     255 	.db #0x00	; 0
      0000D7 00                     256 	.db #0x00	; 0
      0000D8 00                     257 	.db #0x00	; 0
      0000D9 00                     258 	.db #0x00	; 0
      0000DA 00                     259 	.db #0x00	; 0
      0000DB 00                     260 	.db #0x00	; 0
      0000DC 00                     261 	.db #0x00	; 0
      0000DD 00                     262 	.db #0x00	; 0
      0000DE 00                     263 	.db #0x00	; 0
      0000DF 00                     264 	.db #0x00	; 0
      0000E0 00                     265 	.db #0x00	; 0
      0000E1 00                     266 	.db #0x00	; 0
      0000E2 00                     267 	.db #0x00	; 0
      0000E3 00                     268 	.db #0x00	; 0
      0000E4 00                     269 	.db #0x00	; 0
      0000E5 00                     270 	.db #0x00	; 0
      0000E6 00                     271 	.db #0x00	; 0
      0000E7 00                     272 	.db #0x00	; 0
      0000E8 00                     273 	.db #0x00	; 0
      0000E9 00                     274 	.db #0x00	; 0
      0000EA 00                     275 	.db #0x00	; 0
      0000EB 00                     276 	.db #0x00	; 0
      0000EC 00                     277 	.db #0x00	; 0
      0000ED 00                     278 	.db #0x00	; 0
      0000EE 10                     279 	.db #0x10	; 16
      0000EF 20                     280 	.db #0x20	; 32
      0000F0 38                     281 	.db #0x38	; 56	'8'
      0000F1 C0                     282 	.db #0xc0	; 192
      0000F2 F0                     283 	.db #0xf0	; 240
      0000F3 08                     284 	.db #0x08	; 8
      0000F4 F0                     285 	.db #0xf0	; 240
      0000F5 00                     286 	.db #0x00	; 0
      0000F6 00                     287 	.db #0x00	; 0
      0000F7 00                     288 	.db #0x00	; 0
      0000F8 00                     289 	.db #0x00	; 0
      0000F9 00                     290 	.db #0x00	; 0
      0000FA 00                     291 	.db #0x00	; 0
      0000FB 00                     292 	.db #0x00	; 0
      0000FC 00                     293 	.db #0x00	; 0
      0000FD 00                     294 	.db #0x00	; 0
      0000FE 00                     295 	.db #0x00	; 0
      0000FF 00                     296 	.db #0x00	; 0
      000100 00                     297 	.db #0x00	; 0
      000101 00                     298 	.db #0x00	; 0
      000102 00                     299 	.db #0x00	; 0
      000103 00                     300 	.db #0x00	; 0
      000104 00                     301 	.db #0x00	; 0
      000105 00                     302 	.db #0x00	; 0
      000106 00                     303 	.db #0x00	; 0
      000107 00                     304 	.db #0x00	; 0
      000108 00                     305 	.db #0x00	; 0
      000109 00                     306 	.db #0x00	; 0
      00010A 00                     307 	.db #0x00	; 0
      00010B 00                     308 	.db #0x00	; 0
      00010C 00                     309 	.db #0x00	; 0
      00010D 00                     310 	.db #0x00	; 0
      00010E 00                     311 	.db #0x00	; 0
      00010F 00                     312 	.db #0x00	; 0
      000110 00                     313 	.db #0x00	; 0
      000111 00                     314 	.db #0x00	; 0
      000112 00                     315 	.db #0x00	; 0
      000113 00                     316 	.db #0x00	; 0
      000114 00                     317 	.db #0x00	; 0
      000115 00                     318 	.db #0x00	; 0
      000116 00                     319 	.db #0x00	; 0
      000117 00                     320 	.db #0x00	; 0
      000118 00                     321 	.db #0x00	; 0
      000119 00                     322 	.db #0x00	; 0
      00011A 00                     323 	.db #0x00	; 0
      00011B 00                     324 	.db #0x00	; 0
      00011C 00                     325 	.db #0x00	; 0
      00011D 00                     326 	.db #0x00	; 0
      00011E 00                     327 	.db #0x00	; 0
      00011F 00                     328 	.db #0x00	; 0
      000120 00                     329 	.db #0x00	; 0
      000121 00                     330 	.db #0x00	; 0
      000122 00                     331 	.db #0x00	; 0
      000123 00                     332 	.db #0x00	; 0
      000124 00                     333 	.db #0x00	; 0
      000125 00                     334 	.db #0x00	; 0
      000126 00                     335 	.db #0x00	; 0
      000127 00                     336 	.db #0x00	; 0
      000128 00                     337 	.db #0x00	; 0
      000129 00                     338 	.db #0x00	; 0
      00012A 00                     339 	.db #0x00	; 0
      00012B 00                     340 	.db #0x00	; 0
      00012C 00                     341 	.db #0x00	; 0
      00012D 00                     342 	.db #0x00	; 0
      00012E 00                     343 	.db #0x00	; 0
      00012F 00                     344 	.db #0x00	; 0
      000130 00                     345 	.db #0x00	; 0
      000131 00                     346 	.db #0x00	; 0
      000132 00                     347 	.db #0x00	; 0
      000133 00                     348 	.db #0x00	; 0
      000134 00                     349 	.db #0x00	; 0
      000135 00                     350 	.db #0x00	; 0
      000136 00                     351 	.db #0x00	; 0
      000137 00                     352 	.db #0x00	; 0
      000138 00                     353 	.db #0x00	; 0
      000139 00                     354 	.db #0x00	; 0
      00013A 00                     355 	.db #0x00	; 0
      00013B 00                     356 	.db #0x00	; 0
      00013C 00                     357 	.db #0x00	; 0
      00013D 00                     358 	.db #0x00	; 0
      00013E 00                     359 	.db #0x00	; 0
      00013F 00                     360 	.db #0x00	; 0
      000140 00                     361 	.db #0x00	; 0
      000141 00                     362 	.db #0x00	; 0
      000142 00                     363 	.db #0x00	; 0
      000143 00                     364 	.db #0x00	; 0
      000144 00                     365 	.db #0x00	; 0
      000145 00                     366 	.db #0x00	; 0
      000146 00                     367 	.db #0x00	; 0
      000147 00                     368 	.db #0x00	; 0
      000148 00                     369 	.db #0x00	; 0
      000149 00                     370 	.db #0x00	; 0
      00014A 00                     371 	.db #0x00	; 0
      00014B 00                     372 	.db #0x00	; 0
      00014C 00                     373 	.db #0x00	; 0
      00014D 00                     374 	.db #0x00	; 0
      00014E 00                     375 	.db #0x00	; 0
      00014F 00                     376 	.db #0x00	; 0
      000150 00                     377 	.db #0x00	; 0
      000151 00                     378 	.db #0x00	; 0
      000152 00                     379 	.db #0x00	; 0
      000153 00                     380 	.db #0x00	; 0
      000154 00                     381 	.db #0x00	; 0
      000155 00                     382 	.db #0x00	; 0
      000156 00                     383 	.db #0x00	; 0
      000157 00                     384 	.db #0x00	; 0
      000158 00                     385 	.db #0x00	; 0
      000159 00                     386 	.db #0x00	; 0
      00015A 00                     387 	.db #0x00	; 0
      00015B 00                     388 	.db #0x00	; 0
      00015C 00                     389 	.db #0x00	; 0
      00015D 00                     390 	.db #0x00	; 0
      00015E 00                     391 	.db #0x00	; 0
      00015F 00                     392 	.db #0x00	; 0
      000160 00                     393 	.db #0x00	; 0
      000161 00                     394 	.db #0x00	; 0
      000162 00                     395 	.db #0x00	; 0
      000163 00                     396 	.db #0x00	; 0
      000164 00                     397 	.db #0x00	; 0
      000165 00                     398 	.db #0x00	; 0
      000166 00                     399 	.db #0x00	; 0
      000167 00                     400 	.db #0x00	; 0
      000168 00                     401 	.db #0x00	; 0
      000169 00                     402 	.db #0x00	; 0
      00016A 00                     403 	.db #0x00	; 0
      00016B 00                     404 	.db #0x00	; 0
      00016C 00                     405 	.db #0x00	; 0
      00016D 00                     406 	.db #0x00	; 0
      00016E 00                     407 	.db #0x00	; 0
      00016F 00                     408 	.db #0x00	; 0
      000170 00                     409 	.db #0x00	; 0
      000171 00                     410 	.db #0x00	; 0
      000172 00                     411 	.db #0x00	; 0
      000173 00                     412 	.db #0x00	; 0
      000174 00                     413 	.db #0x00	; 0
      000175 00                     414 	.db #0x00	; 0
      000176 00                     415 	.db #0x00	; 0
      000177 00                     416 	.db #0x00	; 0
      000178 00                     417 	.db #0x00	; 0
      000179 00                     418 	.db #0x00	; 0
      00017A 00                     419 	.db #0x00	; 0
      00017B 00                     420 	.db #0x00	; 0
      00017C 00                     421 	.db #0x00	; 0
      00017D 00                     422 	.db #0x00	; 0
      00017E 00                     423 	.db #0x00	; 0
      00017F 00                     424 	.db #0x00	; 0
                                    425 	.area _CABS (ABS)
