                                      1 ;--------------------------------------------------------
                                      2 ; File Created by SDCC : free open source ANSI-C Compiler
                                      3 ; Version 4.0.4 #11941 (Mac OS X x86_64)
                                      4 ;--------------------------------------------------------
                                      5 	.module kitchen
                                      6 	.optsdcc -mgbz80
                                      7 	
                                      8 ;--------------------------------------------------------
                                      9 ; Public variables in this module
                                     10 ;--------------------------------------------------------
                                     11 	.globl _TILESET_KITCHEN
                                     12 ;--------------------------------------------------------
                                     13 ; special function registers
                                     14 ;--------------------------------------------------------
                                     15 ;--------------------------------------------------------
                                     16 ; ram data
                                     17 ;--------------------------------------------------------
                                     18 	.area _DATA
                                     19 ;--------------------------------------------------------
                                     20 ; absolute external ram data
                                     21 ;--------------------------------------------------------
                                     22 	.area _DABS (ABS)
                                     23 ;--------------------------------------------------------
                                     24 ; global & static initialisations
                                     25 ;--------------------------------------------------------
                                     26 	.area _HOME
                                     27 	.area _GSINIT
                                     28 	.area _GSFINAL
                                     29 	.area _GSINIT
                                     30 ;--------------------------------------------------------
                                     31 ; Home
                                     32 ;--------------------------------------------------------
                                     33 	.area _HOME
                                     34 	.area _HOME
                                     35 ;--------------------------------------------------------
                                     36 ; code
                                     37 ;--------------------------------------------------------
                                     38 	.area _CODE
                                     39 	.area _CODE
      000000                         40 _TILESET_KITCHEN:
      000000 FF                      41 	.db #0xff	; 255
      000001 FF                      42 	.db #0xff	; 255
      000002 FF                      43 	.db #0xff	; 255
      000003 FF                      44 	.db #0xff	; 255
      000004 FF                      45 	.db #0xff	; 255
      000005 FF                      46 	.db #0xff	; 255
      000006 FF                      47 	.db #0xff	; 255
      000007 FF                      48 	.db #0xff	; 255
      000008 FF                      49 	.db #0xff	; 255
      000009 FF                      50 	.db #0xff	; 255
      00000A FF                      51 	.db #0xff	; 255
      00000B FF                      52 	.db #0xff	; 255
      00000C FF                      53 	.db #0xff	; 255
      00000D FF                      54 	.db #0xff	; 255
      00000E FF                      55 	.db #0xff	; 255
      00000F FF                      56 	.db #0xff	; 255
      000010 F0                      57 	.db #0xf0	; 240
      000011 F0                      58 	.db #0xf0	; 240
      000012 F7                      59 	.db #0xf7	; 247
      000013 F7                      60 	.db #0xf7	; 247
      000014 F4                      61 	.db #0xf4	; 244
      000015 F4                      62 	.db #0xf4	; 244
      000016 F5                      63 	.db #0xf5	; 245
      000017 F5                      64 	.db #0xf5	; 245
      000018 F5                      65 	.db #0xf5	; 245
      000019 F5                      66 	.db #0xf5	; 245
      00001A F5                      67 	.db #0xf5	; 245
      00001B F5                      68 	.db #0xf5	; 245
      00001C F5                      69 	.db #0xf5	; 245
      00001D F5                      70 	.db #0xf5	; 245
      00001E F5                      71 	.db #0xf5	; 245
      00001F F5                      72 	.db #0xf5	; 245
      000020 00                      73 	.db #0x00	; 0
      000021 00                      74 	.db #0x00	; 0
      000022 FF                      75 	.db #0xff	; 255
      000023 FF                      76 	.db #0xff	; 255
      000024 00                      77 	.db #0x00	; 0
      000025 00                      78 	.db #0x00	; 0
      000026 FF                      79 	.db #0xff	; 255
      000027 FF                      80 	.db #0xff	; 255
      000028 00                      81 	.db #0x00	; 0
      000029 00                      82 	.db #0x00	; 0
      00002A 00                      83 	.db #0x00	; 0
      00002B 00                      84 	.db #0x00	; 0
      00002C 00                      85 	.db #0x00	; 0
      00002D 00                      86 	.db #0x00	; 0
      00002E 00                      87 	.db #0x00	; 0
      00002F 00                      88 	.db #0x00	; 0
      000030 00                      89 	.db #0x00	; 0
      000031 00                      90 	.db #0x00	; 0
      000032 FF                      91 	.db #0xff	; 255
      000033 FC                      92 	.db #0xfc	; 252
      000034 0F                      93 	.db #0x0f	; 15
      000035 0B                      94 	.db #0x0b	; 11
      000036 FF                      95 	.db #0xff	; 255
      000037 FC                      96 	.db #0xfc	; 252
      000038 02                      97 	.db #0x02	; 2
      000039 03                      98 	.db #0x03	; 3
      00003A 02                      99 	.db #0x02	; 2
      00003B 03                     100 	.db #0x03	; 3
      00003C 03                     101 	.db #0x03	; 3
      00003D 02                     102 	.db #0x02	; 2
      00003E 03                     103 	.db #0x03	; 3
      00003F 02                     104 	.db #0x02	; 2
      000040 00                     105 	.db #0x00	; 0
      000041 00                     106 	.db #0x00	; 0
      000042 FF                     107 	.db #0xff	; 255
      000043 3F                     108 	.db #0x3f	; 63
      000044 F0                     109 	.db #0xf0	; 240
      000045 D0                     110 	.db #0xd0	; 208
      000046 FF                     111 	.db #0xff	; 255
      000047 3F                     112 	.db #0x3f	; 63
      000048 40                     113 	.db #0x40	; 64
      000049 C0                     114 	.db #0xc0	; 192
      00004A 40                     115 	.db #0x40	; 64
      00004B C0                     116 	.db #0xc0	; 192
      00004C 40                     117 	.db #0x40	; 64
      00004D C0                     118 	.db #0xc0	; 192
      00004E 40                     119 	.db #0x40	; 64
      00004F C0                     120 	.db #0xc0	; 192
      000050 00                     121 	.db #0x00	; 0
      000051 00                     122 	.db #0x00	; 0
      000052 FF                     123 	.db #0xff	; 255
      000053 FF                     124 	.db #0xff	; 255
      000054 00                     125 	.db #0x00	; 0
      000055 00                     126 	.db #0x00	; 0
      000056 FF                     127 	.db #0xff	; 255
      000057 FF                     128 	.db #0xff	; 255
      000058 0E                     129 	.db #0x0e	; 14
      000059 00                     130 	.db #0x00	; 0
      00005A 0C                     131 	.db #0x0c	; 12
      00005B 00                     132 	.db #0x00	; 0
      00005C 0C                     133 	.db #0x0c	; 12
      00005D 00                     134 	.db #0x00	; 0
      00005E 08                     135 	.db #0x08	; 8
      00005F 00                     136 	.db #0x00	; 0
      000060 00                     137 	.db #0x00	; 0
      000061 00                     138 	.db #0x00	; 0
      000062 FF                     139 	.db #0xff	; 255
      000063 FF                     140 	.db #0xff	; 255
      000064 00                     141 	.db #0x00	; 0
      000065 00                     142 	.db #0x00	; 0
      000066 FF                     143 	.db #0xff	; 255
      000067 FF                     144 	.db #0xff	; 255
      000068 02                     145 	.db #0x02	; 2
      000069 02                     146 	.db #0x02	; 2
      00006A 02                     147 	.db #0x02	; 2
      00006B 02                     148 	.db #0x02	; 2
      00006C 02                     149 	.db #0x02	; 2
      00006D 02                     150 	.db #0x02	; 2
      00006E 02                     151 	.db #0x02	; 2
      00006F 02                     152 	.db #0x02	; 2
      000070 00                     153 	.db #0x00	; 0
      000071 00                     154 	.db #0x00	; 0
      000072 FF                     155 	.db #0xff	; 255
      000073 FF                     156 	.db #0xff	; 255
      000074 00                     157 	.db #0x00	; 0
      000075 00                     158 	.db #0x00	; 0
      000076 FF                     159 	.db #0xff	; 255
      000077 FF                     160 	.db #0xff	; 255
      000078 FF                     161 	.db #0xff	; 255
      000079 00                     162 	.db #0x00	; 0
      00007A FF                     163 	.db #0xff	; 255
      00007B 00                     164 	.db #0x00	; 0
      00007C FF                     165 	.db #0xff	; 255
      00007D 00                     166 	.db #0x00	; 0
      00007E FF                     167 	.db #0xff	; 255
      00007F 00                     168 	.db #0x00	; 0
      000080 00                     169 	.db #0x00	; 0
      000081 00                     170 	.db #0x00	; 0
      000082 FF                     171 	.db #0xff	; 255
      000083 FF                     172 	.db #0xff	; 255
      000084 00                     173 	.db #0x00	; 0
      000085 00                     174 	.db #0x00	; 0
      000086 FF                     175 	.db #0xff	; 255
      000087 FF                     176 	.db #0xff	; 255
      000088 F4                     177 	.db #0xf4	; 244
      000089 0C                     178 	.db #0x0c	; 12
      00008A F4                     179 	.db #0xf4	; 244
      00008B 0C                     180 	.db #0x0c	; 12
      00008C F4                     181 	.db #0xf4	; 244
      00008D 0C                     182 	.db #0x0c	; 12
      00008E F4                     183 	.db #0xf4	; 244
      00008F 0C                     184 	.db #0x0c	; 12
      000090 00                     185 	.db #0x00	; 0
      000091 00                     186 	.db #0x00	; 0
      000092 FF                     187 	.db #0xff	; 255
      000093 FF                     188 	.db #0xff	; 255
      000094 00                     189 	.db #0x00	; 0
      000095 00                     190 	.db #0x00	; 0
      000096 FF                     191 	.db #0xff	; 255
      000097 FF                     192 	.db #0xff	; 255
      000098 1C                     193 	.db #0x1c	; 28
      000099 00                     194 	.db #0x00	; 0
      00009A 18                     195 	.db #0x18	; 24
      00009B 00                     196 	.db #0x00	; 0
      00009C 18                     197 	.db #0x18	; 24
      00009D 00                     198 	.db #0x00	; 0
      00009E 10                     199 	.db #0x10	; 16
      00009F 00                     200 	.db #0x00	; 0
      0000A0 0F                     201 	.db #0x0f	; 15
      0000A1 0F                     202 	.db #0x0f	; 15
      0000A2 EF                     203 	.db #0xef	; 239
      0000A3 EF                     204 	.db #0xef	; 239
      0000A4 2F                     205 	.db #0x2f	; 47
      0000A5 2F                     206 	.db #0x2f	; 47
      0000A6 AF                     207 	.db #0xaf	; 175
      0000A7 AF                     208 	.db #0xaf	; 175
      0000A8 AF                     209 	.db #0xaf	; 175
      0000A9 AF                     210 	.db #0xaf	; 175
      0000AA AF                     211 	.db #0xaf	; 175
      0000AB AF                     212 	.db #0xaf	; 175
      0000AC AF                     213 	.db #0xaf	; 175
      0000AD AF                     214 	.db #0xaf	; 175
      0000AE AF                     215 	.db #0xaf	; 175
      0000AF AF                     216 	.db #0xaf	; 175
      0000B0 F5                     217 	.db #0xf5	; 245
      0000B1 F5                     218 	.db #0xf5	; 245
      0000B2 F5                     219 	.db #0xf5	; 245
      0000B3 F5                     220 	.db #0xf5	; 245
      0000B4 F5                     221 	.db #0xf5	; 245
      0000B5 F5                     222 	.db #0xf5	; 245
      0000B6 F5                     223 	.db #0xf5	; 245
      0000B7 F5                     224 	.db #0xf5	; 245
      0000B8 F5                     225 	.db #0xf5	; 245
      0000B9 F5                     226 	.db #0xf5	; 245
      0000BA F5                     227 	.db #0xf5	; 245
      0000BB F5                     228 	.db #0xf5	; 245
      0000BC FF                     229 	.db #0xff	; 255
      0000BD F5                     230 	.db #0xf5	; 245
      0000BE F5                     231 	.db #0xf5	; 245
      0000BF F5                     232 	.db #0xf5	; 245
      0000C0 00                     233 	.db #0x00	; 0
      0000C1 00                     234 	.db #0x00	; 0
      0000C2 00                     235 	.db #0x00	; 0
      0000C3 00                     236 	.db #0x00	; 0
      0000C4 00                     237 	.db #0x00	; 0
      0000C5 00                     238 	.db #0x00	; 0
      0000C6 00                     239 	.db #0x00	; 0
      0000C7 00                     240 	.db #0x00	; 0
      0000C8 00                     241 	.db #0x00	; 0
      0000C9 00                     242 	.db #0x00	; 0
      0000CA 00                     243 	.db #0x00	; 0
      0000CB 00                     244 	.db #0x00	; 0
      0000CC 00                     245 	.db #0x00	; 0
      0000CD 00                     246 	.db #0x00	; 0
      0000CE 00                     247 	.db #0x00	; 0
      0000CF 00                     248 	.db #0x00	; 0
      0000D0 02                     249 	.db #0x02	; 2
      0000D1 02                     250 	.db #0x02	; 2
      0000D2 02                     251 	.db #0x02	; 2
      0000D3 02                     252 	.db #0x02	; 2
      0000D4 02                     253 	.db #0x02	; 2
      0000D5 02                     254 	.db #0x02	; 2
      0000D6 02                     255 	.db #0x02	; 2
      0000D7 02                     256 	.db #0x02	; 2
      0000D8 03                     257 	.db #0x03	; 3
      0000D9 02                     258 	.db #0x02	; 2
      0000DA 03                     259 	.db #0x03	; 3
      0000DB 02                     260 	.db #0x02	; 2
      0000DC 03                     261 	.db #0x03	; 3
      0000DD 02                     262 	.db #0x02	; 2
      0000DE 03                     263 	.db #0x03	; 3
      0000DF 02                     264 	.db #0x02	; 2
      0000E0 40                     265 	.db #0x40	; 64
      0000E1 C0                     266 	.db #0xc0	; 192
      0000E2 40                     267 	.db #0x40	; 64
      0000E3 C0                     268 	.db #0xc0	; 192
      0000E4 40                     269 	.db #0x40	; 64
      0000E5 C0                     270 	.db #0xc0	; 192
      0000E6 40                     271 	.db #0x40	; 64
      0000E7 C0                     272 	.db #0xc0	; 192
      0000E8 40                     273 	.db #0x40	; 64
      0000E9 C0                     274 	.db #0xc0	; 192
      0000EA 40                     275 	.db #0x40	; 64
      0000EB C0                     276 	.db #0xc0	; 192
      0000EC 40                     277 	.db #0x40	; 64
      0000ED C0                     278 	.db #0xc0	; 192
      0000EE 40                     279 	.db #0x40	; 64
      0000EF C0                     280 	.db #0xc0	; 192
      0000F0 01                     281 	.db #0x01	; 1
      0000F1 00                     282 	.db #0x00	; 0
      0000F2 01                     283 	.db #0x01	; 1
      0000F3 00                     284 	.db #0x00	; 0
      0000F4 01                     285 	.db #0x01	; 1
      0000F5 00                     286 	.db #0x00	; 0
      0000F6 40                     287 	.db #0x40	; 64
      0000F7 00                     288 	.db #0x00	; 0
      0000F8 00                     289 	.db #0x00	; 0
      0000F9 00                     290 	.db #0x00	; 0
      0000FA 00                     291 	.db #0x00	; 0
      0000FB 00                     292 	.db #0x00	; 0
      0000FC 00                     293 	.db #0x00	; 0
      0000FD 00                     294 	.db #0x00	; 0
      0000FE 00                     295 	.db #0x00	; 0
      0000FF 00                     296 	.db #0x00	; 0
      000100 03                     297 	.db #0x03	; 3
      000101 03                     298 	.db #0x03	; 3
      000102 01                     299 	.db #0x01	; 1
      000103 01                     300 	.db #0x01	; 1
      000104 00                     301 	.db #0x00	; 0
      000105 00                     302 	.db #0x00	; 0
      000106 00                     303 	.db #0x00	; 0
      000107 00                     304 	.db #0x00	; 0
      000108 00                     305 	.db #0x00	; 0
      000109 00                     306 	.db #0x00	; 0
      00010A 00                     307 	.db #0x00	; 0
      00010B 00                     308 	.db #0x00	; 0
      00010C 00                     309 	.db #0x00	; 0
      00010D 00                     310 	.db #0x00	; 0
      00010E 00                     311 	.db #0x00	; 0
      00010F 00                     312 	.db #0x00	; 0
      000110 00                     313 	.db #0x00	; 0
      000111 00                     314 	.db #0x00	; 0
      000112 FF                     315 	.db #0xff	; 255
      000113 FF                     316 	.db #0xff	; 255
      000114 00                     317 	.db #0x00	; 0
      000115 00                     318 	.db #0x00	; 0
      000116 00                     319 	.db #0x00	; 0
      000117 00                     320 	.db #0x00	; 0
      000118 0E                     321 	.db #0x0e	; 14
      000119 00                     322 	.db #0x00	; 0
      00011A 0C                     323 	.db #0x0c	; 12
      00011B 00                     324 	.db #0x00	; 0
      00011C 0C                     325 	.db #0x0c	; 12
      00011D 00                     326 	.db #0x00	; 0
      00011E 08                     327 	.db #0x08	; 8
      00011F 00                     328 	.db #0x00	; 0
      000120 00                     329 	.db #0x00	; 0
      000121 00                     330 	.db #0x00	; 0
      000122 FF                     331 	.db #0xff	; 255
      000123 FF                     332 	.db #0xff	; 255
      000124 00                     333 	.db #0x00	; 0
      000125 00                     334 	.db #0x00	; 0
      000126 00                     335 	.db #0x00	; 0
      000127 00                     336 	.db #0x00	; 0
      000128 00                     337 	.db #0x00	; 0
      000129 00                     338 	.db #0x00	; 0
      00012A 00                     339 	.db #0x00	; 0
      00012B 00                     340 	.db #0x00	; 0
      00012C 00                     341 	.db #0x00	; 0
      00012D 00                     342 	.db #0x00	; 0
      00012E 00                     343 	.db #0x00	; 0
      00012F 00                     344 	.db #0x00	; 0
      000130 0C                     345 	.db #0x0c	; 12
      000131 0C                     346 	.db #0x0c	; 12
      000132 F8                     347 	.db #0xf8	; 248
      000133 F8                     348 	.db #0xf8	; 248
      000134 00                     349 	.db #0x00	; 0
      000135 00                     350 	.db #0x00	; 0
      000136 00                     351 	.db #0x00	; 0
      000137 00                     352 	.db #0x00	; 0
      000138 00                     353 	.db #0x00	; 0
      000139 00                     354 	.db #0x00	; 0
      00013A 00                     355 	.db #0x00	; 0
      00013B 00                     356 	.db #0x00	; 0
      00013C 00                     357 	.db #0x00	; 0
      00013D 00                     358 	.db #0x00	; 0
      00013E 00                     359 	.db #0x00	; 0
      00013F 00                     360 	.db #0x00	; 0
      000140 02                     361 	.db #0x02	; 2
      000141 00                     362 	.db #0x00	; 0
      000142 02                     363 	.db #0x02	; 2
      000143 00                     364 	.db #0x00	; 0
      000144 02                     365 	.db #0x02	; 2
      000145 00                     366 	.db #0x00	; 0
      000146 80                     367 	.db #0x80	; 128
      000147 00                     368 	.db #0x00	; 0
      000148 00                     369 	.db #0x00	; 0
      000149 00                     370 	.db #0x00	; 0
      00014A 00                     371 	.db #0x00	; 0
      00014B 00                     372 	.db #0x00	; 0
      00014C 00                     373 	.db #0x00	; 0
      00014D 00                     374 	.db #0x00	; 0
      00014E 00                     375 	.db #0x00	; 0
      00014F 00                     376 	.db #0x00	; 0
      000150 AF                     377 	.db #0xaf	; 175
      000151 AF                     378 	.db #0xaf	; 175
      000152 AF                     379 	.db #0xaf	; 175
      000153 AF                     380 	.db #0xaf	; 175
      000154 AF                     381 	.db #0xaf	; 175
      000155 AF                     382 	.db #0xaf	; 175
      000156 AF                     383 	.db #0xaf	; 175
      000157 AF                     384 	.db #0xaf	; 175
      000158 AF                     385 	.db #0xaf	; 175
      000159 AF                     386 	.db #0xaf	; 175
      00015A AF                     387 	.db #0xaf	; 175
      00015B AF                     388 	.db #0xaf	; 175
      00015C FF                     389 	.db #0xff	; 255
      00015D AF                     390 	.db #0xaf	; 175
      00015E AF                     391 	.db #0xaf	; 175
      00015F AF                     392 	.db #0xaf	; 175
      000160 FF                     393 	.db #0xff	; 255
      000161 F5                     394 	.db #0xf5	; 245
      000162 FF                     395 	.db #0xff	; 255
      000163 F5                     396 	.db #0xf5	; 245
      000164 F5                     397 	.db #0xf5	; 245
      000165 F5                     398 	.db #0xf5	; 245
      000166 FF                     399 	.db #0xff	; 255
      000167 F5                     400 	.db #0xf5	; 245
      000168 FF                     401 	.db #0xff	; 255
      000169 F5                     402 	.db #0xf5	; 245
      00016A FF                     403 	.db #0xff	; 255
      00016B F5                     404 	.db #0xf5	; 245
      00016C FF                     405 	.db #0xff	; 255
      00016D F5                     406 	.db #0xf5	; 245
      00016E FF                     407 	.db #0xff	; 255
      00016F F5                     408 	.db #0xf5	; 245
      000170 00                     409 	.db #0x00	; 0
      000171 00                     410 	.db #0x00	; 0
      000172 00                     411 	.db #0x00	; 0
      000173 00                     412 	.db #0x00	; 0
      000174 00                     413 	.db #0x00	; 0
      000175 00                     414 	.db #0x00	; 0
      000176 00                     415 	.db #0x00	; 0
      000177 00                     416 	.db #0x00	; 0
      000178 00                     417 	.db #0x00	; 0
      000179 FF                     418 	.db #0xff	; 255
      00017A 00                     419 	.db #0x00	; 0
      00017B 00                     420 	.db #0x00	; 0
      00017C 00                     421 	.db #0x00	; 0
      00017D FF                     422 	.db #0xff	; 255
      00017E BB                     423 	.db #0xbb	; 187
      00017F 00                     424 	.db #0x00	; 0
      000180 03                     425 	.db #0x03	; 3
      000181 02                     426 	.db #0x02	; 2
      000182 03                     427 	.db #0x03	; 3
      000183 02                     428 	.db #0x02	; 2
      000184 03                     429 	.db #0x03	; 3
      000185 02                     430 	.db #0x02	; 2
      000186 03                     431 	.db #0x03	; 3
      000187 02                     432 	.db #0x02	; 2
      000188 3F                     433 	.db #0x3f	; 63
      000189 FE                     434 	.db #0xfe	; 254
      00018A 7F                     435 	.db #0x7f	; 127
      00018B 7E                     436 	.db #0x7e	; 126
      00018C BF                     437 	.db #0xbf	; 191
      00018D BF                     438 	.db #0xbf	; 191
      00018E 9F                     439 	.db #0x9f	; 159
      00018F DF                     440 	.db #0xdf	; 223
      000190 40                     441 	.db #0x40	; 64
      000191 C0                     442 	.db #0xc0	; 192
      000192 40                     443 	.db #0x40	; 64
      000193 C0                     444 	.db #0xc0	; 192
      000194 40                     445 	.db #0x40	; 64
      000195 C0                     446 	.db #0xc0	; 192
      000196 40                     447 	.db #0x40	; 64
      000197 C0                     448 	.db #0xc0	; 192
      000198 7C                     449 	.db #0x7c	; 124
      000199 FF                     450 	.db #0xff	; 255
      00019A 7E                     451 	.db #0x7e	; 126
      00019B FE                     452 	.db #0xfe	; 254
      00019C FF                     453 	.db #0xff	; 255
      00019D FD                     454 	.db #0xfd	; 253
      00019E FD                     455 	.db #0xfd	; 253
      00019F FB                     456 	.db #0xfb	; 251
      0001A0 03                     457 	.db #0x03	; 3
      0001A1 03                     458 	.db #0x03	; 3
      0001A2 04                     459 	.db #0x04	; 4
      0001A3 07                     460 	.db #0x07	; 7
      0001A4 06                     461 	.db #0x06	; 6
      0001A5 05                     462 	.db #0x05	; 5
      0001A6 1E                     463 	.db #0x1e	; 30
      0001A7 1D                     464 	.db #0x1d	; 29
      0001A8 36                     465 	.db #0x36	; 54	'6'
      0001A9 ED                     466 	.db #0xed	; 237
      0001AA 26                     467 	.db #0x26	; 38
      0001AB 3D                     468 	.db #0x3d	; 61
      0001AC 26                     469 	.db #0x26	; 38
      0001AD FD                     470 	.db #0xfd	; 253
      0001AE B6                     471 	.db #0xb6	; 182
      0001AF 2D                     472 	.db #0x2d	; 45
      0001B0 C0                     473 	.db #0xc0	; 192
      0001B1 C0                     474 	.db #0xc0	; 192
      0001B2 20                     475 	.db #0x20	; 32
      0001B3 E0                     476 	.db #0xe0	; 224
      0001B4 20                     477 	.db #0x20	; 32
      0001B5 E0                     478 	.db #0xe0	; 224
      0001B6 38                     479 	.db #0x38	; 56	'8'
      0001B7 F8                     480 	.db #0xf8	; 248
      0001B8 24                     481 	.db #0x24	; 36
      0001B9 FF                     482 	.db #0xff	; 255
      0001BA 24                     483 	.db #0x24	; 36
      0001BB FC                     484 	.db #0xfc	; 252
      0001BC 24                     485 	.db #0x24	; 36
      0001BD FF                     486 	.db #0xff	; 255
      0001BE 27                     487 	.db #0x27	; 39
      0001BF FC                     488 	.db #0xfc	; 252
      0001C0 00                     489 	.db #0x00	; 0
      0001C1 00                     490 	.db #0x00	; 0
      0001C2 00                     491 	.db #0x00	; 0
      0001C3 00                     492 	.db #0x00	; 0
      0001C4 00                     493 	.db #0x00	; 0
      0001C5 00                     494 	.db #0x00	; 0
      0001C6 00                     495 	.db #0x00	; 0
      0001C7 00                     496 	.db #0x00	; 0
      0001C8 01                     497 	.db #0x01	; 1
      0001C9 FF                     498 	.db #0xff	; 255
      0001CA 03                     499 	.db #0x03	; 3
      0001CB 02                     500 	.db #0x02	; 2
      0001CC 03                     501 	.db #0x03	; 3
      0001CD FE                     502 	.db #0xfe	; 254
      0001CE BB                     503 	.db #0xbb	; 187
      0001CF 02                     504 	.db #0x02	; 2
      0001D0 01                     505 	.db #0x01	; 1
      0001D1 00                     506 	.db #0x00	; 0
      0001D2 01                     507 	.db #0x01	; 1
      0001D3 00                     508 	.db #0x00	; 0
      0001D4 01                     509 	.db #0x01	; 1
      0001D5 00                     510 	.db #0x00	; 0
      0001D6 40                     511 	.db #0x40	; 64
      0001D7 00                     512 	.db #0x00	; 0
      0001D8 FF                     513 	.db #0xff	; 255
      0001D9 FF                     514 	.db #0xff	; 255
      0001DA FF                     515 	.db #0xff	; 255
      0001DB 20                     516 	.db #0x20	; 32
      0001DC FF                     517 	.db #0xff	; 255
      0001DD 70                     518 	.db #0x70	; 112	'p'
      0001DE FF                     519 	.db #0xff	; 255
      0001DF 20                     520 	.db #0x20	; 32
      0001E0 00                     521 	.db #0x00	; 0
      0001E1 00                     522 	.db #0x00	; 0
      0001E2 00                     523 	.db #0x00	; 0
      0001E3 00                     524 	.db #0x00	; 0
      0001E4 00                     525 	.db #0x00	; 0
      0001E5 00                     526 	.db #0x00	; 0
      0001E6 00                     527 	.db #0x00	; 0
      0001E7 00                     528 	.db #0x00	; 0
      0001E8 F9                     529 	.db #0xf9	; 249
      0001E9 FF                     530 	.db #0xff	; 255
      0001EA FE                     531 	.db #0xfe	; 254
      0001EB 46                     532 	.db #0x46	; 70	'F'
      0001EC FE                     533 	.db #0xfe	; 254
      0001ED E6                     534 	.db #0xe6	; 230
      0001EE FE                     535 	.db #0xfe	; 254
      0001EF 46                     536 	.db #0x46	; 70	'F'
      0001F0 00                     537 	.db #0x00	; 0
      0001F1 00                     538 	.db #0x00	; 0
      0001F2 00                     539 	.db #0x00	; 0
      0001F3 00                     540 	.db #0x00	; 0
      0001F4 00                     541 	.db #0x00	; 0
      0001F5 00                     542 	.db #0x00	; 0
      0001F6 00                     543 	.db #0x00	; 0
      0001F7 00                     544 	.db #0x00	; 0
      0001F8 FF                     545 	.db #0xff	; 255
      0001F9 FF                     546 	.db #0xff	; 255
      0001FA 00                     547 	.db #0x00	; 0
      0001FB 00                     548 	.db #0x00	; 0
      0001FC 00                     549 	.db #0x00	; 0
      0001FD 00                     550 	.db #0x00	; 0
      0001FE 00                     551 	.db #0x00	; 0
      0001FF 00                     552 	.db #0x00	; 0
      000200 00                     553 	.db #0x00	; 0
      000201 00                     554 	.db #0x00	; 0
      000202 00                     555 	.db #0x00	; 0
      000203 00                     556 	.db #0x00	; 0
      000204 00                     557 	.db #0x00	; 0
      000205 00                     558 	.db #0x00	; 0
      000206 00                     559 	.db #0x00	; 0
      000207 00                     560 	.db #0x00	; 0
      000208 F8                     561 	.db #0xf8	; 248
      000209 FF                     562 	.db #0xff	; 255
      00020A 04                     563 	.db #0x04	; 4
      00020B 04                     564 	.db #0x04	; 4
      00020C 04                     565 	.db #0x04	; 4
      00020D 07                     566 	.db #0x07	; 7
      00020E 07                     567 	.db #0x07	; 7
      00020F 04                     568 	.db #0x04	; 4
      000210 FF                     569 	.db #0xff	; 255
      000211 AF                     570 	.db #0xaf	; 175
      000212 FF                     571 	.db #0xff	; 255
      000213 AF                     572 	.db #0xaf	; 175
      000214 AF                     573 	.db #0xaf	; 175
      000215 AF                     574 	.db #0xaf	; 175
      000216 FF                     575 	.db #0xff	; 255
      000217 AF                     576 	.db #0xaf	; 175
      000218 FF                     577 	.db #0xff	; 255
      000219 AF                     578 	.db #0xaf	; 175
      00021A FF                     579 	.db #0xff	; 255
      00021B AF                     580 	.db #0xaf	; 175
      00021C FF                     581 	.db #0xff	; 255
      00021D AF                     582 	.db #0xaf	; 175
      00021E FF                     583 	.db #0xff	; 255
      00021F AF                     584 	.db #0xaf	; 175
      000220 FF                     585 	.db #0xff	; 255
      000221 F5                     586 	.db #0xf5	; 245
      000222 FF                     587 	.db #0xff	; 255
      000223 F5                     588 	.db #0xf5	; 245
      000224 FF                     589 	.db #0xff	; 255
      000225 F5                     590 	.db #0xf5	; 245
      000226 FF                     591 	.db #0xff	; 255
      000227 F5                     592 	.db #0xf5	; 245
      000228 FF                     593 	.db #0xff	; 255
      000229 F5                     594 	.db #0xf5	; 245
      00022A FF                     595 	.db #0xff	; 255
      00022B F5                     596 	.db #0xf5	; 245
      00022C FF                     597 	.db #0xff	; 255
      00022D F5                     598 	.db #0xf5	; 245
      00022E FF                     599 	.db #0xff	; 255
      00022F F5                     600 	.db #0xf5	; 245
      000230 55                     601 	.db #0x55	; 85	'U'
      000231 00                     602 	.db #0x00	; 0
      000232 BB                     603 	.db #0xbb	; 187
      000233 00                     604 	.db #0x00	; 0
      000234 FF                     605 	.db #0xff	; 255
      000235 00                     606 	.db #0x00	; 0
      000236 FF                     607 	.db #0xff	; 255
      000237 FF                     608 	.db #0xff	; 255
      000238 38                     609 	.db #0x38	; 56	'8'
      000239 FF                     610 	.db #0xff	; 255
      00023A D7                     611 	.db #0xd7	; 215
      00023B 38                     612 	.db #0x38	; 56	'8'
      00023C EF                     613 	.db #0xef	; 239
      00023D 10                     614 	.db #0x10	; 16
      00023E EF                     615 	.db #0xef	; 239
      00023F 10                     616 	.db #0x10	; 16
      000240 A3                     617 	.db #0xa3	; 163
      000241 E0                     618 	.db #0xe0	; 224
      000242 BF                     619 	.db #0xbf	; 191
      000243 FF                     620 	.db #0xff	; 255
      000244 B3                     621 	.db #0xb3	; 179
      000245 F0                     622 	.db #0xf0	; 240
      000246 AF                     623 	.db #0xaf	; 175
      000247 EF                     624 	.db #0xef	; 239
      000248 9F                     625 	.db #0x9f	; 159
      000249 DF                     626 	.db #0xdf	; 223
      00024A 9F                     627 	.db #0x9f	; 159
      00024B DF                     628 	.db #0xdf	; 223
      00024C BF                     629 	.db #0xbf	; 191
      00024D DF                     630 	.db #0xdf	; 223
      00024E FF                     631 	.db #0xff	; 255
      00024F 60                     632 	.db #0x60	; 96
      000250 FD                     633 	.db #0xfd	; 253
      000251 07                     634 	.db #0x07	; 7
      000252 FD                     635 	.db #0xfd	; 253
      000253 FF                     636 	.db #0xff	; 255
      000254 FD                     637 	.db #0xfd	; 253
      000255 0F                     638 	.db #0x0f	; 15
      000256 FD                     639 	.db #0xfd	; 253
      000257 F7                     640 	.db #0xf7	; 247
      000258 FD                     641 	.db #0xfd	; 253
      000259 FB                     642 	.db #0xfb	; 251
      00025A FD                     643 	.db #0xfd	; 253
      00025B FB                     644 	.db #0xfb	; 251
      00025C FD                     645 	.db #0xfd	; 253
      00025D FB                     646 	.db #0xfb	; 251
      00025E FF                     647 	.db #0xff	; 255
      00025F 06                     648 	.db #0x06	; 6
      000260 74                     649 	.db #0x74	; 116	't'
      000261 2F                     650 	.db #0x2f	; 47
      000262 B7                     651 	.db #0xb7	; 183
      000263 2D                     652 	.db #0x2d	; 45
      000264 E7                     653 	.db #0xe7	; 231
      000265 3E                     654 	.db #0x3e	; 62
      000266 E6                     655 	.db #0xe6	; 230
      000267 FD                     656 	.db #0xfd	; 253
      000268 3E                     657 	.db #0x3e	; 62
      000269 ED                     658 	.db #0xed	; 237
      00026A FF                     659 	.db #0xff	; 255
      00026B 32                     660 	.db #0x32	; 50	'2'
      00026C F3                     661 	.db #0xf3	; 243
      00026D 2D                     662 	.db #0x2d	; 45
      00026E F3                     663 	.db #0xf3	; 243
      00026F 2D                     664 	.db #0x2d	; 45
      000270 25                     665 	.db #0x25	; 37
      000271 FC                     666 	.db #0xfc	; 252
      000272 AF                     667 	.db #0xaf	; 175
      000273 F4                     668 	.db #0xf4	; 244
      000274 EF                     669 	.db #0xef	; 239
      000275 74                     670 	.db #0x74	; 116	't'
      000276 67                     671 	.db #0x67	; 103	'g'
      000277 BF                     672 	.db #0xbf	; 191
      000278 74                     673 	.db #0x74	; 116	't'
      000279 BF                     674 	.db #0xbf	; 191
      00027A FF                     675 	.db #0xff	; 255
      00027B 4C                     676 	.db #0x4c	; 76	'L'
      00027C CF                     677 	.db #0xcf	; 207
      00027D B4                     678 	.db #0xb4	; 180
      00027E CF                     679 	.db #0xcf	; 207
      00027F B4                     680 	.db #0xb4	; 180
      000280 55                     681 	.db #0x55	; 85	'U'
      000281 00                     682 	.db #0x00	; 0
      000282 BB                     683 	.db #0xbb	; 187
      000283 00                     684 	.db #0x00	; 0
      000284 FF                     685 	.db #0xff	; 255
      000285 00                     686 	.db #0x00	; 0
      000286 FF                     687 	.db #0xff	; 255
      000287 FF                     688 	.db #0xff	; 255
      000288 38                     689 	.db #0x38	; 56	'8'
      000289 FF                     690 	.db #0xff	; 255
      00028A FF                     691 	.db #0xff	; 255
      00028B 00                     692 	.db #0x00	; 0
      00028C FF                     693 	.db #0xff	; 255
      00028D 00                     694 	.db #0x00	; 0
      00028E FF                     695 	.db #0xff	; 255
      00028F 00                     696 	.db #0x00	; 0
      000290 56                     697 	.db #0x56	; 86	'V'
      000291 03                     698 	.db #0x03	; 3
      000292 BB                     699 	.db #0xbb	; 187
      000293 01                     700 	.db #0x01	; 1
      000294 FE                     701 	.db #0xfe	; 254
      000295 02                     702 	.db #0x02	; 2
      000296 FF                     703 	.db #0xff	; 255
      000297 FE                     704 	.db #0xfe	; 254
      000298 3B                     705 	.db #0x3b	; 59
      000299 FE                     706 	.db #0xfe	; 254
      00029A D7                     707 	.db #0xd7	; 215
      00029B 3A                     708 	.db #0x3a	; 58
      00029C EF                     709 	.db #0xef	; 239
      00029D 12                     710 	.db #0x12	; 18
      00029E EF                     711 	.db #0xef	; 239
      00029F 11                     712 	.db #0x11	; 17
      0002A0 00                     713 	.db #0x00	; 0
      0002A1 FF                     714 	.db #0xff	; 255
      0002A2 FF                     715 	.db #0xff	; 255
      0002A3 FF                     716 	.db #0xff	; 255
      0002A4 0E                     717 	.db #0x0e	; 14
      0002A5 06                     718 	.db #0x06	; 6
      0002A6 FF                     719 	.db #0xff	; 255
      0002A7 06                     720 	.db #0x06	; 6
      0002A8 FF                     721 	.db #0xff	; 255
      0002A9 06                     722 	.db #0x06	; 6
      0002AA FF                     723 	.db #0xff	; 255
      0002AB 06                     724 	.db #0x06	; 6
      0002AC FF                     725 	.db #0xff	; 255
      0002AD 06                     726 	.db #0x06	; 6
      0002AE FF                     727 	.db #0xff	; 255
      0002AF FF                     728 	.db #0xff	; 255
      0002B0 05                     729 	.db #0x05	; 5
      0002B1 FC                     730 	.db #0xfc	; 252
      0002B2 FB                     731 	.db #0xfb	; 251
      0002B3 FC                     732 	.db #0xfc	; 252
      0002B4 0F                     733 	.db #0x0f	; 15
      0002B5 04                     734 	.db #0x04	; 4
      0002B6 FF                     735 	.db #0xff	; 255
      0002B7 07                     736 	.db #0x07	; 7
      0002B8 FC                     737 	.db #0xfc	; 252
      0002B9 07                     738 	.db #0x07	; 7
      0002BA FF                     739 	.db #0xff	; 255
      0002BB 04                     740 	.db #0x04	; 4
      0002BC FF                     741 	.db #0xff	; 255
      0002BD 04                     742 	.db #0x04	; 4
      0002BE F9                     743 	.db #0xf9	; 249
      0002BF FE                     744 	.db #0xfe	; 254
      0002C0 7D                     745 	.db #0x7d	; 125
      0002C1 38                     746 	.db #0x38	; 56	'8'
      0002C2 C7                     747 	.db #0xc7	; 199
      0002C3 7C                     748 	.db #0x7c	; 124
      0002C4 BB                     749 	.db #0xbb	; 187
      0002C5 FE                     750 	.db #0xfe	; 254
      0002C6 C7                     751 	.db #0xc7	; 199
      0002C7 FF                     752 	.db #0xff	; 255
      0002C8 BE                     753 	.db #0xbe	; 190
      0002C9 BB                     754 	.db #0xbb	; 187
      0002CA C6                     755 	.db #0xc6	; 198
      0002CB 83                     756 	.db #0x83	; 131
      0002CC 7C                     757 	.db #0x7c	; 124
      0002CD C7                     758 	.db #0xc7	; 199
      0002CE B9                     759 	.db #0xb9	; 185
      0002CF 7E                     760 	.db #0x7e	; 126
      0002D0 FF                     761 	.db #0xff	; 255
      0002D1 AF                     762 	.db #0xaf	; 175
      0002D2 FF                     763 	.db #0xff	; 255
      0002D3 AF                     764 	.db #0xaf	; 175
      0002D4 FF                     765 	.db #0xff	; 255
      0002D5 AF                     766 	.db #0xaf	; 175
      0002D6 FF                     767 	.db #0xff	; 255
      0002D7 AF                     768 	.db #0xaf	; 175
      0002D8 FF                     769 	.db #0xff	; 255
      0002D9 AF                     770 	.db #0xaf	; 175
      0002DA FF                     771 	.db #0xff	; 255
      0002DB AF                     772 	.db #0xaf	; 175
      0002DC FF                     773 	.db #0xff	; 255
      0002DD AF                     774 	.db #0xaf	; 175
      0002DE FF                     775 	.db #0xff	; 255
      0002DF AF                     776 	.db #0xaf	; 175
      0002E0 38                     777 	.db #0x38	; 56	'8'
      0002E1 FF                     778 	.db #0xff	; 255
      0002E2 FF                     779 	.db #0xff	; 255
      0002E3 00                     780 	.db #0x00	; 0
      0002E4 FF                     781 	.db #0xff	; 255
      0002E5 00                     782 	.db #0x00	; 0
      0002E6 FF                     783 	.db #0xff	; 255
      0002E7 00                     784 	.db #0x00	; 0
      0002E8 38                     785 	.db #0x38	; 56	'8'
      0002E9 FF                     786 	.db #0xff	; 255
      0002EA D7                     787 	.db #0xd7	; 215
      0002EB 38                     788 	.db #0x38	; 56	'8'
      0002EC EF                     789 	.db #0xef	; 239
      0002ED 10                     790 	.db #0x10	; 16
      0002EE EF                     791 	.db #0xef	; 239
      0002EF 10                     792 	.db #0x10	; 16
      0002F0 38                     793 	.db #0x38	; 56	'8'
      0002F1 FF                     794 	.db #0xff	; 255
      0002F2 D7                     795 	.db #0xd7	; 215
      0002F3 38                     796 	.db #0x38	; 56	'8'
      0002F4 EF                     797 	.db #0xef	; 239
      0002F5 10                     798 	.db #0x10	; 16
      0002F6 EF                     799 	.db #0xef	; 239
      0002F7 10                     800 	.db #0x10	; 16
      0002F8 38                     801 	.db #0x38	; 56	'8'
      0002F9 FF                     802 	.db #0xff	; 255
      0002FA FF                     803 	.db #0xff	; 255
      0002FB 00                     804 	.db #0x00	; 0
      0002FC FF                     805 	.db #0xff	; 255
      0002FD 00                     806 	.db #0x00	; 0
      0002FE FF                     807 	.db #0xff	; 255
      0002FF 00                     808 	.db #0x00	; 0
      000300 FF                     809 	.db #0xff	; 255
      000301 F0                     810 	.db #0xf0	; 240
      000302 FF                     811 	.db #0xff	; 255
      000303 F7                     812 	.db #0xf7	; 247
      000304 FF                     813 	.db #0xff	; 255
      000305 F4                     814 	.db #0xf4	; 244
      000306 FF                     815 	.db #0xff	; 255
      000307 F5                     816 	.db #0xf5	; 245
      000308 FF                     817 	.db #0xff	; 255
      000309 F5                     818 	.db #0xf5	; 245
      00030A FF                     819 	.db #0xff	; 255
      00030B F5                     820 	.db #0xf5	; 245
      00030C FF                     821 	.db #0xff	; 255
      00030D F5                     822 	.db #0xf5	; 245
      00030E FF                     823 	.db #0xff	; 255
      00030F F5                     824 	.db #0xf5	; 245
      000310 FF                     825 	.db #0xff	; 255
      000311 05                     826 	.db #0x05	; 5
      000312 FF                     827 	.db #0xff	; 255
      000313 FD                     828 	.db #0xfd	; 253
      000314 FF                     829 	.db #0xff	; 255
      000315 01                     830 	.db #0x01	; 1
      000316 FF                     831 	.db #0xff	; 255
      000317 FF                     832 	.db #0xff	; 255
      000318 38                     833 	.db #0x38	; 56	'8'
      000319 FF                     834 	.db #0xff	; 255
      00031A FF                     835 	.db #0xff	; 255
      00031B 00                     836 	.db #0x00	; 0
      00031C FF                     837 	.db #0xff	; 255
      00031D 00                     838 	.db #0x00	; 0
      00031E FF                     839 	.db #0xff	; 255
      00031F 00                     840 	.db #0x00	; 0
      000320 FF                     841 	.db #0xff	; 255
      000321 F5                     842 	.db #0xf5	; 245
      000322 FF                     843 	.db #0xff	; 255
      000323 F5                     844 	.db #0xf5	; 245
      000324 FF                     845 	.db #0xff	; 255
      000325 F5                     846 	.db #0xf5	; 245
      000326 FF                     847 	.db #0xff	; 255
      000327 F5                     848 	.db #0xf5	; 245
      000328 FF                     849 	.db #0xff	; 255
      000329 F5                     850 	.db #0xf5	; 245
      00032A FF                     851 	.db #0xff	; 255
      00032B F5                     852 	.db #0xf5	; 245
      00032C F5                     853 	.db #0xf5	; 245
      00032D FF                     854 	.db #0xff	; 255
      00032E FF                     855 	.db #0xff	; 255
      00032F F5                     856 	.db #0xf5	; 245
      000330 38                     857 	.db #0x38	; 56	'8'
      000331 FF                     858 	.db #0xff	; 255
      000332 D7                     859 	.db #0xd7	; 215
      000333 38                     860 	.db #0x38	; 56	'8'
      000334 EF                     861 	.db #0xef	; 239
      000335 10                     862 	.db #0x10	; 16
      000336 EF                     863 	.db #0xef	; 239
      000337 10                     864 	.db #0x10	; 16
      000338 39                     865 	.db #0x39	; 57	'9'
      000339 FF                     866 	.db #0xff	; 255
      00033A FE                     867 	.db #0xfe	; 254
      00033B 02                     868 	.db #0x02	; 2
      00033C FE                     869 	.db #0xfe	; 254
      00033D 02                     870 	.db #0x02	; 2
      00033E FE                     871 	.db #0xfe	; 254
      00033F 02                     872 	.db #0x02	; 2
      000340 38                     873 	.db #0x38	; 56	'8'
      000341 FF                     874 	.db #0xff	; 255
      000342 FF                     875 	.db #0xff	; 255
      000343 00                     876 	.db #0x00	; 0
      000344 FF                     877 	.db #0xff	; 255
      000345 00                     878 	.db #0x00	; 0
      000346 FF                     879 	.db #0xff	; 255
      000347 00                     880 	.db #0x00	; 0
      000348 FF                     881 	.db #0xff	; 255
      000349 FF                     882 	.db #0xff	; 255
      00034A 00                     883 	.db #0x00	; 0
      00034B 00                     884 	.db #0x00	; 0
      00034C FF                     885 	.db #0xff	; 255
      00034D 00                     886 	.db #0x00	; 0
      00034E FF                     887 	.db #0xff	; 255
      00034F 00                     888 	.db #0x00	; 0
      000350 38                     889 	.db #0x38	; 56	'8'
      000351 FF                     890 	.db #0xff	; 255
      000352 D7                     891 	.db #0xd7	; 215
      000353 38                     892 	.db #0x38	; 56	'8'
      000354 EF                     893 	.db #0xef	; 239
      000355 10                     894 	.db #0x10	; 16
      000356 EF                     895 	.db #0xef	; 239
      000357 10                     896 	.db #0x10	; 16
      000358 FF                     897 	.db #0xff	; 255
      000359 FF                     898 	.db #0xff	; 255
      00035A 00                     899 	.db #0x00	; 0
      00035B 00                     900 	.db #0x00	; 0
      00035C FF                     901 	.db #0xff	; 255
      00035D 00                     902 	.db #0x00	; 0
      00035E FF                     903 	.db #0xff	; 255
      00035F 00                     904 	.db #0x00	; 0
      000360 38                     905 	.db #0x38	; 56	'8'
      000361 FF                     906 	.db #0xff	; 255
      000362 D7                     907 	.db #0xd7	; 215
      000363 38                     908 	.db #0x38	; 56	'8'
      000364 EF                     909 	.db #0xef	; 239
      000365 10                     910 	.db #0x10	; 16
      000366 EF                     911 	.db #0xef	; 239
      000367 10                     912 	.db #0x10	; 16
      000368 FE                     913 	.db #0xfe	; 254
      000369 FF                     914 	.db #0xff	; 255
      00036A 01                     915 	.db #0x01	; 1
      00036B 01                     916 	.db #0x01	; 1
      00036C FD                     917 	.db #0xfd	; 253
      00036D 03                     918 	.db #0x03	; 3
      00036E FD                     919 	.db #0xfd	; 253
      00036F 03                     920 	.db #0x03	; 3
      000370 F5                     921 	.db #0xf5	; 245
      000371 FF                     922 	.db #0xff	; 255
      000372 F5                     923 	.db #0xf5	; 245
      000373 FF                     924 	.db #0xff	; 255
      000374 FF                     925 	.db #0xff	; 255
      000375 F5                     926 	.db #0xf5	; 245
      000376 F5                     927 	.db #0xf5	; 245
      000377 FF                     928 	.db #0xff	; 255
      000378 F5                     929 	.db #0xf5	; 245
      000379 FF                     930 	.db #0xff	; 255
      00037A F4                     931 	.db #0xf4	; 244
      00037B FF                     932 	.db #0xff	; 255
      00037C F7                     933 	.db #0xf7	; 247
      00037D FF                     934 	.db #0xff	; 255
      00037E F0                     935 	.db #0xf0	; 240
      00037F FF                     936 	.db #0xff	; 255
      000380 38                     937 	.db #0x38	; 56	'8'
      000381 FF                     938 	.db #0xff	; 255
      000382 D7                     939 	.db #0xd7	; 215
      000383 38                     940 	.db #0x38	; 56	'8'
      000384 EF                     941 	.db #0xef	; 239
      000385 10                     942 	.db #0x10	; 16
      000386 EF                     943 	.db #0xef	; 239
      000387 10                     944 	.db #0x10	; 16
      000388 FF                     945 	.db #0xff	; 255
      000389 FF                     946 	.db #0xff	; 255
      00038A 01                     947 	.db #0x01	; 1
      00038B FF                     948 	.db #0xff	; 255
      00038C FD                     949 	.db #0xfd	; 253
      00038D FF                     950 	.db #0xff	; 255
      00038E 05                     951 	.db #0x05	; 5
      00038F FF                     952 	.db #0xff	; 255
      000390 3A                     953 	.db #0x3a	; 58
      000391 FE                     954 	.db #0xfe	; 254
      000392 D6                     955 	.db #0xd6	; 214
      000393 3A                     956 	.db #0x3a	; 58
      000394 EE                     957 	.db #0xee	; 238
      000395 12                     958 	.db #0x12	; 18
      000396 EE                     959 	.db #0xee	; 238
      000397 12                     960 	.db #0x12	; 18
      000398 3A                     961 	.db #0x3a	; 58
      000399 FE                     962 	.db #0xfe	; 254
      00039A FF                     963 	.db #0xff	; 255
      00039B 03                     964 	.db #0x03	; 3
      00039C FE                     965 	.db #0xfe	; 254
      00039D 03                     966 	.db #0x03	; 3
      00039E FF                     967 	.db #0xff	; 255
      00039F 01                     968 	.db #0x01	; 1
      0003A0 FF                     969 	.db #0xff	; 255
      0003A1 00                     970 	.db #0x00	; 0
      0003A2 FF                     971 	.db #0xff	; 255
      0003A3 00                     972 	.db #0x00	; 0
      0003A4 FF                     973 	.db #0xff	; 255
      0003A5 00                     974 	.db #0x00	; 0
      0003A6 FF                     975 	.db #0xff	; 255
      0003A7 00                     976 	.db #0x00	; 0
      0003A8 FF                     977 	.db #0xff	; 255
      0003A9 00                     978 	.db #0x00	; 0
      0003AA FF                     979 	.db #0xff	; 255
      0003AB FF                     980 	.db #0xff	; 255
      0003AC 00                     981 	.db #0x00	; 0
      0003AD FF                     982 	.db #0xff	; 255
      0003AE FF                     983 	.db #0xff	; 255
      0003AF FF                     984 	.db #0xff	; 255
      0003B0 FD                     985 	.db #0xfd	; 253
      0003B1 03                     986 	.db #0x03	; 3
      0003B2 FD                     987 	.db #0xfd	; 253
      0003B3 03                     988 	.db #0x03	; 3
      0003B4 FD                     989 	.db #0xfd	; 253
      0003B5 03                     990 	.db #0x03	; 3
      0003B6 FD                     991 	.db #0xfd	; 253
      0003B7 03                     992 	.db #0x03	; 3
      0003B8 FD                     993 	.db #0xfd	; 253
      0003B9 03                     994 	.db #0x03	; 3
      0003BA FF                     995 	.db #0xff	; 255
      0003BB FF                     996 	.db #0xff	; 255
      0003BC 01                     997 	.db #0x01	; 1
      0003BD FF                     998 	.db #0xff	; 255
      0003BE FE                     999 	.db #0xfe	; 254
      0003BF FF                    1000 	.db #0xff	; 255
      0003C0 FF                    1001 	.db #0xff	; 255
      0003C1 AF                    1002 	.db #0xaf	; 175
      0003C2 FF                    1003 	.db #0xff	; 255
      0003C3 AF                    1004 	.db #0xaf	; 175
      0003C4 FF                    1005 	.db #0xff	; 255
      0003C5 AF                    1006 	.db #0xaf	; 175
      0003C6 FF                    1007 	.db #0xff	; 255
      0003C7 AF                    1008 	.db #0xaf	; 175
      0003C8 FF                    1009 	.db #0xff	; 255
      0003C9 AF                    1010 	.db #0xaf	; 175
      0003CA FF                    1011 	.db #0xff	; 255
      0003CB AF                    1012 	.db #0xaf	; 175
      0003CC AF                    1013 	.db #0xaf	; 175
      0003CD FF                    1014 	.db #0xff	; 255
      0003CE FF                    1015 	.db #0xff	; 255
      0003CF AF                    1016 	.db #0xaf	; 175
      0003D0 F5                    1017 	.db #0xf5	; 245
      0003D1 FF                    1018 	.db #0xff	; 255
      0003D2 F5                    1019 	.db #0xf5	; 245
      0003D3 FF                    1020 	.db #0xff	; 255
      0003D4 F5                    1021 	.db #0xf5	; 245
      0003D5 FF                    1022 	.db #0xff	; 255
      0003D6 F5                    1023 	.db #0xf5	; 245
      0003D7 FF                    1024 	.db #0xff	; 255
      0003D8 F5                    1025 	.db #0xf5	; 245
      0003D9 FF                    1026 	.db #0xff	; 255
      0003DA F5                    1027 	.db #0xf5	; 245
      0003DB FF                    1028 	.db #0xff	; 255
      0003DC F5                    1029 	.db #0xf5	; 245
      0003DD FF                    1030 	.db #0xff	; 255
      0003DE F5                    1031 	.db #0xf5	; 245
      0003DF FF                    1032 	.db #0xff	; 255
      0003E0 39                    1033 	.db #0x39	; 57	'9'
      0003E1 FF                    1034 	.db #0xff	; 255
      0003E2 D7                    1035 	.db #0xd7	; 215
      0003E3 39                    1036 	.db #0x39	; 57	'9'
      0003E4 EF                    1037 	.db #0xef	; 239
      0003E5 11                    1038 	.db #0x11	; 17
      0003E6 EF                    1039 	.db #0xef	; 239
      0003E7 11                    1040 	.db #0x11	; 17
      0003E8 38                    1041 	.db #0x38	; 56	'8'
      0003E9 FF                    1042 	.db #0xff	; 255
      0003EA FF                    1043 	.db #0xff	; 255
      0003EB 00                    1044 	.db #0x00	; 0
      0003EC FF                    1045 	.db #0xff	; 255
      0003ED 00                    1046 	.db #0x00	; 0
      0003EE FF                    1047 	.db #0xff	; 255
      0003EF 00                    1048 	.db #0x00	; 0
      0003F0 10                    1049 	.db #0x10	; 16
      0003F1 FF                    1050 	.db #0xff	; 255
      0003F2 7F                    1051 	.db #0x7f	; 127
      0003F3 1F                    1052 	.db #0x1f	; 31
      0003F4 70                    1053 	.db #0x70	; 112	'p'
      0003F5 1F                    1054 	.db #0x1f	; 31
      0003F6 F0                    1055 	.db #0xf0	; 240
      0003F7 FF                    1056 	.db #0xff	; 255
      0003F8 38                    1057 	.db #0x38	; 56	'8'
      0003F9 FF                    1058 	.db #0xff	; 255
      0003FA D7                    1059 	.db #0xd7	; 215
      0003FB 38                    1060 	.db #0x38	; 56	'8'
      0003FC EF                    1061 	.db #0xef	; 239
      0003FD 10                    1062 	.db #0x10	; 16
      0003FE EF                    1063 	.db #0xef	; 239
      0003FF 10                    1064 	.db #0x10	; 16
      000400 00                    1065 	.db #0x00	; 0
      000401 FF                    1066 	.db #0xff	; 255
      000402 FF                    1067 	.db #0xff	; 255
      000403 FF                    1068 	.db #0xff	; 255
      000404 00                    1069 	.db #0x00	; 0
      000405 FF                    1070 	.db #0xff	; 255
      000406 00                    1071 	.db #0x00	; 0
      000407 FF                    1072 	.db #0xff	; 255
      000408 38                    1073 	.db #0x38	; 56	'8'
      000409 FF                    1074 	.db #0xff	; 255
      00040A FF                    1075 	.db #0xff	; 255
      00040B 00                    1076 	.db #0x00	; 0
      00040C FF                    1077 	.db #0xff	; 255
      00040D 00                    1078 	.db #0x00	; 0
      00040E FF                    1079 	.db #0xff	; 255
      00040F 00                    1080 	.db #0x00	; 0
      000410 00                    1081 	.db #0x00	; 0
      000411 FF                    1082 	.db #0xff	; 255
      000412 FF                    1083 	.db #0xff	; 255
      000413 FF                    1084 	.db #0xff	; 255
      000414 00                    1085 	.db #0x00	; 0
      000415 FF                    1086 	.db #0xff	; 255
      000416 00                    1087 	.db #0x00	; 0
      000417 FF                    1088 	.db #0xff	; 255
      000418 38                    1089 	.db #0x38	; 56	'8'
      000419 FF                    1090 	.db #0xff	; 255
      00041A D7                    1091 	.db #0xd7	; 215
      00041B 38                    1092 	.db #0x38	; 56	'8'
      00041C EF                    1093 	.db #0xef	; 239
      00041D 10                    1094 	.db #0x10	; 16
      00041E EF                    1095 	.db #0xef	; 239
      00041F 10                    1096 	.db #0x10	; 16
      000420 22                    1097 	.db #0x22	; 34
      000421 FF                    1098 	.db #0xff	; 255
      000422 FE                    1099 	.db #0xfe	; 254
      000423 E3                    1100 	.db #0xe3	; 227
      000424 3E                    1101 	.db #0x3e	; 62
      000425 E3                    1102 	.db #0xe3	; 227
      000426 3E                    1103 	.db #0x3e	; 62
      000427 FF                    1104 	.db #0xff	; 255
      000428 38                    1105 	.db #0x38	; 56	'8'
      000429 FF                    1106 	.db #0xff	; 255
      00042A FF                    1107 	.db #0xff	; 255
      00042B 00                    1108 	.db #0x00	; 0
      00042C FF                    1109 	.db #0xff	; 255
      00042D 00                    1110 	.db #0x00	; 0
      00042E FF                    1111 	.db #0xff	; 255
      00042F 00                    1112 	.db #0x00	; 0
      000430 AF                    1113 	.db #0xaf	; 175
      000431 FF                    1114 	.db #0xff	; 255
      000432 AF                    1115 	.db #0xaf	; 175
      000433 FF                    1116 	.db #0xff	; 255
      000434 FF                    1117 	.db #0xff	; 255
      000435 AF                    1118 	.db #0xaf	; 175
      000436 AF                    1119 	.db #0xaf	; 175
      000437 FF                    1120 	.db #0xff	; 255
      000438 AF                    1121 	.db #0xaf	; 175
      000439 FF                    1122 	.db #0xff	; 255
      00043A AF                    1123 	.db #0xaf	; 175
      00043B FF                    1124 	.db #0xff	; 255
      00043C AF                    1125 	.db #0xaf	; 175
      00043D FF                    1126 	.db #0xff	; 255
      00043E AF                    1127 	.db #0xaf	; 175
      00043F FF                    1128 	.db #0xff	; 255
      000440 AF                    1129 	.db #0xaf	; 175
      000441 FF                    1130 	.db #0xff	; 255
      000442 AF                    1131 	.db #0xaf	; 175
      000443 FF                    1132 	.db #0xff	; 255
      000444 AF                    1133 	.db #0xaf	; 175
      000445 FF                    1134 	.db #0xff	; 255
      000446 AF                    1135 	.db #0xaf	; 175
      000447 FF                    1136 	.db #0xff	; 255
      000448 AF                    1137 	.db #0xaf	; 175
      000449 FF                    1138 	.db #0xff	; 255
      00044A AF                    1139 	.db #0xaf	; 175
      00044B FF                    1140 	.db #0xff	; 255
      00044C AF                    1141 	.db #0xaf	; 175
      00044D FF                    1142 	.db #0xff	; 255
      00044E AF                    1143 	.db #0xaf	; 175
      00044F FF                    1144 	.db #0xff	; 255
      000450 F5                    1145 	.db #0xf5	; 245
      000451 FF                    1146 	.db #0xff	; 255
      000452 F5                    1147 	.db #0xf5	; 245
      000453 FF                    1148 	.db #0xff	; 255
      000454 F5                    1149 	.db #0xf5	; 245
      000455 FF                    1150 	.db #0xff	; 255
      000456 F5                    1151 	.db #0xf5	; 245
      000457 FF                    1152 	.db #0xff	; 255
      000458 F5                    1153 	.db #0xf5	; 245
      000459 FF                    1154 	.db #0xff	; 255
      00045A F4                    1155 	.db #0xf4	; 244
      00045B FF                    1156 	.db #0xff	; 255
      00045C F7                    1157 	.db #0xf7	; 247
      00045D FF                    1158 	.db #0xff	; 255
      00045E F0                    1159 	.db #0xf0	; 240
      00045F FF                    1160 	.db #0xff	; 255
      000460 38                    1161 	.db #0x38	; 56	'8'
      000461 FF                    1162 	.db #0xff	; 255
      000462 FF                    1163 	.db #0xff	; 255
      000463 00                    1164 	.db #0x00	; 0
      000464 FF                    1165 	.db #0xff	; 255
      000465 00                    1166 	.db #0x00	; 0
      000466 FF                    1167 	.db #0xff	; 255
      000467 00                    1168 	.db #0x00	; 0
      000468 FF                    1169 	.db #0xff	; 255
      000469 FF                    1170 	.db #0xff	; 255
      00046A 00                    1171 	.db #0x00	; 0
      00046B FF                    1172 	.db #0xff	; 255
      00046C FF                    1173 	.db #0xff	; 255
      00046D FF                    1174 	.db #0xff	; 255
      00046E 00                    1175 	.db #0x00	; 0
      00046F FF                    1176 	.db #0xff	; 255
      000470 38                    1177 	.db #0x38	; 56	'8'
      000471 FF                    1178 	.db #0xff	; 255
      000472 D7                    1179 	.db #0xd7	; 215
      000473 38                    1180 	.db #0x38	; 56	'8'
      000474 EF                    1181 	.db #0xef	; 239
      000475 10                    1182 	.db #0x10	; 16
      000476 EF                    1183 	.db #0xef	; 239
      000477 10                    1184 	.db #0x10	; 16
      000478 FF                    1185 	.db #0xff	; 255
      000479 FF                    1186 	.db #0xff	; 255
      00047A 00                    1187 	.db #0x00	; 0
      00047B FF                    1188 	.db #0xff	; 255
      00047C FF                    1189 	.db #0xff	; 255
      00047D FF                    1190 	.db #0xff	; 255
      00047E 00                    1191 	.db #0x00	; 0
      00047F FF                    1192 	.db #0xff	; 255
      000480 38                    1193 	.db #0x38	; 56	'8'
      000481 FF                    1194 	.db #0xff	; 255
      000482 FF                    1195 	.db #0xff	; 255
      000483 00                    1196 	.db #0x00	; 0
      000484 FF                    1197 	.db #0xff	; 255
      000485 00                    1198 	.db #0x00	; 0
      000486 FF                    1199 	.db #0xff	; 255
      000487 00                    1200 	.db #0x00	; 0
      000488 FF                    1201 	.db #0xff	; 255
      000489 FF                    1202 	.db #0xff	; 255
      00048A 01                    1203 	.db #0x01	; 1
      00048B FF                    1204 	.db #0xff	; 255
      00048C FD                    1205 	.db #0xfd	; 253
      00048D FF                    1206 	.db #0xff	; 255
      00048E 05                    1207 	.db #0x05	; 5
      00048F FF                    1208 	.db #0xff	; 255
      000490 38                    1209 	.db #0x38	; 56	'8'
      000491 FF                    1210 	.db #0xff	; 255
      000492 D7                    1211 	.db #0xd7	; 215
      000493 38                    1212 	.db #0x38	; 56	'8'
      000494 EF                    1213 	.db #0xef	; 239
      000495 10                    1214 	.db #0x10	; 16
      000496 EF                    1215 	.db #0xef	; 239
      000497 10                    1216 	.db #0x10	; 16
      000498 FF                    1217 	.db #0xff	; 255
      000499 FF                    1218 	.db #0xff	; 255
      00049A 80                    1219 	.db #0x80	; 128
      00049B FF                    1220 	.db #0xff	; 255
      00049C BF                    1221 	.db #0xbf	; 191
      00049D FF                    1222 	.db #0xff	; 255
      00049E A0                    1223 	.db #0xa0	; 160
      00049F FF                    1224 	.db #0xff	; 255
      0004A0 AF                    1225 	.db #0xaf	; 175
      0004A1 FF                    1226 	.db #0xff	; 255
      0004A2 AF                    1227 	.db #0xaf	; 175
      0004A3 FF                    1228 	.db #0xff	; 255
      0004A4 AF                    1229 	.db #0xaf	; 175
      0004A5 FF                    1230 	.db #0xff	; 255
      0004A6 AF                    1231 	.db #0xaf	; 175
      0004A7 FF                    1232 	.db #0xff	; 255
      0004A8 AF                    1233 	.db #0xaf	; 175
      0004A9 FF                    1234 	.db #0xff	; 255
      0004AA 2F                    1235 	.db #0x2f	; 47
      0004AB FF                    1236 	.db #0xff	; 255
      0004AC EF                    1237 	.db #0xef	; 239
      0004AD FF                    1238 	.db #0xff	; 255
      0004AE 0F                    1239 	.db #0x0f	; 15
      0004AF FF                    1240 	.db #0xff	; 255
                                   1241 	.area _CABS (ABS)
