                                      1 ;--------------------------------------------------------
                                      2 ; File Created by SDCC : free open source ANSI-C Compiler
                                      3 ; Version 4.0.4 #11941 (Mac OS X x86_64)
                                      4 ;--------------------------------------------------------
                                      5 	.module kitchenmap
                                      6 	.optsdcc -mgbz80
                                      7 	
                                      8 ;--------------------------------------------------------
                                      9 ; Public variables in this module
                                     10 ;--------------------------------------------------------
                                     11 	.globl _TILEMAP_KITCHEN
                                     12 ;--------------------------------------------------------
                                     13 ; special function registers
                                     14 ;--------------------------------------------------------
                                     15 ;--------------------------------------------------------
                                     16 ; ram data
                                     17 ;--------------------------------------------------------
                                     18 	.area _DATA
                                     19 ;--------------------------------------------------------
                                     20 ; absolute external ram data
                                     21 ;--------------------------------------------------------
                                     22 	.area _DABS (ABS)
                                     23 ;--------------------------------------------------------
                                     24 ; global & static initialisations
                                     25 ;--------------------------------------------------------
                                     26 	.area _HOME
                                     27 	.area _GSINIT
                                     28 	.area _GSFINAL
                                     29 	.area _GSINIT
                                     30 ;--------------------------------------------------------
                                     31 ; Home
                                     32 ;--------------------------------------------------------
                                     33 	.area _HOME
                                     34 	.area _HOME
                                     35 ;--------------------------------------------------------
                                     36 ; code
                                     37 ;--------------------------------------------------------
                                     38 	.area _CODE
                                     39 	.area _CODE
      000000                         40 _TILEMAP_KITCHEN:
      000000 00                      41 	.db #0x00	; 0
      000001 00                      42 	.db #0x00	; 0
      000002 00                      43 	.db #0x00	; 0
      000003 00                      44 	.db #0x00	; 0
      000004 00                      45 	.db #0x00	; 0
      000005 00                      46 	.db #0x00	; 0
      000006 00                      47 	.db #0x00	; 0
      000007 00                      48 	.db #0x00	; 0
      000008 00                      49 	.db #0x00	; 0
      000009 00                      50 	.db #0x00	; 0
      00000A 00                      51 	.db #0x00	; 0
      00000B 00                      52 	.db #0x00	; 0
      00000C 00                      53 	.db #0x00	; 0
      00000D 00                      54 	.db #0x00	; 0
      00000E 00                      55 	.db #0x00	; 0
      00000F 00                      56 	.db #0x00	; 0
      000010 00                      57 	.db #0x00	; 0
      000011 00                      58 	.db #0x00	; 0
      000012 00                      59 	.db #0x00	; 0
      000013 00                      60 	.db #0x00	; 0
      000014 00                      61 	.db #0x00	; 0
      000015 00                      62 	.db #0x00	; 0
      000016 00                      63 	.db #0x00	; 0
      000017 00                      64 	.db #0x00	; 0
      000018 00                      65 	.db #0x00	; 0
      000019 00                      66 	.db #0x00	; 0
      00001A 00                      67 	.db #0x00	; 0
      00001B 00                      68 	.db #0x00	; 0
      00001C 00                      69 	.db #0x00	; 0
      00001D 00                      70 	.db #0x00	; 0
      00001E 00                      71 	.db #0x00	; 0
      00001F 00                      72 	.db #0x00	; 0
      000020 00                      73 	.db #0x00	; 0
      000021 00                      74 	.db #0x00	; 0
      000022 00                      75 	.db #0x00	; 0
      000023 00                      76 	.db #0x00	; 0
      000024 00                      77 	.db #0x00	; 0
      000025 00                      78 	.db #0x00	; 0
      000026 00                      79 	.db #0x00	; 0
      000027 00                      80 	.db #0x00	; 0
      000028 00                      81 	.db #0x00	; 0
      000029 00                      82 	.db #0x00	; 0
      00002A 00                      83 	.db #0x00	; 0
      00002B 00                      84 	.db #0x00	; 0
      00002C 00                      85 	.db #0x00	; 0
      00002D 00                      86 	.db #0x00	; 0
      00002E 00                      87 	.db #0x00	; 0
      00002F 00                      88 	.db #0x00	; 0
      000030 00                      89 	.db #0x00	; 0
      000031 00                      90 	.db #0x00	; 0
      000032 00                      91 	.db #0x00	; 0
      000033 00                      92 	.db #0x00	; 0
      000034 00                      93 	.db #0x00	; 0
      000035 00                      94 	.db #0x00	; 0
      000036 00                      95 	.db #0x00	; 0
      000037 00                      96 	.db #0x00	; 0
      000038 00                      97 	.db #0x00	; 0
      000039 00                      98 	.db #0x00	; 0
      00003A 00                      99 	.db #0x00	; 0
      00003B 00                     100 	.db #0x00	; 0
      00003C 00                     101 	.db #0x00	; 0
      00003D 00                     102 	.db #0x00	; 0
      00003E 00                     103 	.db #0x00	; 0
      00003F 00                     104 	.db #0x00	; 0
      000040 01                     105 	.db #0x01	; 1
      000041 02                     106 	.db #0x02	; 2
      000042 03                     107 	.db #0x03	; 3
      000043 04                     108 	.db #0x04	; 4
      000044 05                     109 	.db #0x05	; 5
      000045 02                     110 	.db #0x02	; 2
      000046 02                     111 	.db #0x02	; 2
      000047 06                     112 	.db #0x06	; 6
      000048 07                     113 	.db #0x07	; 7
      000049 07                     114 	.db #0x07	; 7
      00004A 07                     115 	.db #0x07	; 7
      00004B 08                     116 	.db #0x08	; 8
      00004C 09                     117 	.db #0x09	; 9
      00004D 0A                     118 	.db #0x0a	; 10
      00004E 00                     119 	.db #0x00	; 0
      00004F 00                     120 	.db #0x00	; 0
      000050 00                     121 	.db #0x00	; 0
      000051 00                     122 	.db #0x00	; 0
      000052 00                     123 	.db #0x00	; 0
      000053 00                     124 	.db #0x00	; 0
      000054 0B                     125 	.db #0x0b	; 11
      000055 0C                     126 	.db #0x0c	; 12
      000056 0D                     127 	.db #0x0d	; 13
      000057 0E                     128 	.db #0x0e	; 14
      000058 0F                     129 	.db #0x0f	; 15
      000059 0C                     130 	.db #0x0c	; 12
      00005A 0C                     131 	.db #0x0c	; 12
      00005B 10                     132 	.db #0x10	; 16
      00005C 11                     133 	.db #0x11	; 17
      00005D 12                     134 	.db #0x12	; 18
      00005E 12                     135 	.db #0x12	; 18
      00005F 13                     136 	.db #0x13	; 19
      000060 14                     137 	.db #0x14	; 20
      000061 15                     138 	.db #0x15	; 21
      000062 00                     139 	.db #0x00	; 0
      000063 00                     140 	.db #0x00	; 0
      000064 00                     141 	.db #0x00	; 0
      000065 00                     142 	.db #0x00	; 0
      000066 00                     143 	.db #0x00	; 0
      000067 00                     144 	.db #0x00	; 0
      000068 16                     145 	.db #0x16	; 22
      000069 17                     146 	.db #0x17	; 23
      00006A 18                     147 	.db #0x18	; 24
      00006B 19                     148 	.db #0x19	; 25
      00006C 1A                     149 	.db #0x1a	; 26
      00006D 1B                     150 	.db #0x1b	; 27
      00006E 17                     151 	.db #0x17	; 23
      00006F 1C                     152 	.db #0x1c	; 28
      000070 1D                     153 	.db #0x1d	; 29
      000071 1E                     154 	.db #0x1e	; 30
      000072 1F                     155 	.db #0x1f	; 31
      000073 20                     156 	.db #0x20	; 32
      000074 17                     157 	.db #0x17	; 23
      000075 21                     158 	.db #0x21	; 33
      000076 00                     159 	.db #0x00	; 0
      000077 00                     160 	.db #0x00	; 0
      000078 00                     161 	.db #0x00	; 0
      000079 00                     162 	.db #0x00	; 0
      00007A 00                     163 	.db #0x00	; 0
      00007B 00                     164 	.db #0x00	; 0
      00007C 22                     165 	.db #0x22	; 34
      00007D 23                     166 	.db #0x23	; 35
      00007E 24                     167 	.db #0x24	; 36
      00007F 25                     168 	.db #0x25	; 37
      000080 26                     169 	.db #0x26	; 38
      000081 27                     170 	.db #0x27	; 39
      000082 28                     171 	.db #0x28	; 40
      000083 29                     172 	.db #0x29	; 41
      000084 2A                     173 	.db #0x2a	; 42
      000085 2A                     174 	.db #0x2a	; 42
      000086 2A                     175 	.db #0x2a	; 42
      000087 2B                     176 	.db #0x2b	; 43
      000088 2C                     177 	.db #0x2c	; 44
      000089 2D                     178 	.db #0x2d	; 45
      00008A 00                     179 	.db #0x00	; 0
      00008B 00                     180 	.db #0x00	; 0
      00008C 00                     181 	.db #0x00	; 0
      00008D 00                     182 	.db #0x00	; 0
      00008E 00                     183 	.db #0x00	; 0
      00008F 00                     184 	.db #0x00	; 0
      000090 22                     185 	.db #0x22	; 34
      000091 2E                     186 	.db #0x2e	; 46
      000092 2F                     187 	.db #0x2f	; 47
      000093 2E                     188 	.db #0x2e	; 46
      000094 2F                     189 	.db #0x2f	; 47
      000095 2E                     190 	.db #0x2e	; 46
      000096 2F                     191 	.db #0x2f	; 47
      000097 2E                     192 	.db #0x2e	; 46
      000098 2F                     193 	.db #0x2f	; 47
      000099 2E                     194 	.db #0x2e	; 46
      00009A 2F                     195 	.db #0x2f	; 47
      00009B 2E                     196 	.db #0x2e	; 46
      00009C 2F                     197 	.db #0x2f	; 47
      00009D 2D                     198 	.db #0x2d	; 45
      00009E 00                     199 	.db #0x00	; 0
      00009F 00                     200 	.db #0x00	; 0
      0000A0 00                     201 	.db #0x00	; 0
      0000A1 00                     202 	.db #0x00	; 0
      0000A2 00                     203 	.db #0x00	; 0
      0000A3 30                     204 	.db #0x30	; 48	'0'
      0000A4 31                     205 	.db #0x31	; 49	'1'
      0000A5 2E                     206 	.db #0x2e	; 46
      0000A6 2F                     207 	.db #0x2f	; 47
      0000A7 2E                     208 	.db #0x2e	; 46
      0000A8 2F                     209 	.db #0x2f	; 47
      0000A9 2E                     210 	.db #0x2e	; 46
      0000AA 2F                     211 	.db #0x2f	; 47
      0000AB 2E                     212 	.db #0x2e	; 46
      0000AC 2F                     213 	.db #0x2f	; 47
      0000AD 2E                     214 	.db #0x2e	; 46
      0000AE 2F                     215 	.db #0x2f	; 47
      0000AF 2E                     216 	.db #0x2e	; 46
      0000B0 2F                     217 	.db #0x2f	; 47
      0000B1 2D                     218 	.db #0x2d	; 45
      0000B2 00                     219 	.db #0x00	; 0
      0000B3 00                     220 	.db #0x00	; 0
      0000B4 00                     221 	.db #0x00	; 0
      0000B5 00                     222 	.db #0x00	; 0
      0000B6 00                     223 	.db #0x00	; 0
      0000B7 32                     224 	.db #0x32	; 50	'2'
      0000B8 2F                     225 	.db #0x2f	; 47
      0000B9 2E                     226 	.db #0x2e	; 46
      0000BA 2F                     227 	.db #0x2f	; 47
      0000BB 2E                     228 	.db #0x2e	; 46
      0000BC 33                     229 	.db #0x33	; 51	'3'
      0000BD 34                     230 	.db #0x34	; 52	'4'
      0000BE 35                     231 	.db #0x35	; 53	'5'
      0000BF 34                     232 	.db #0x34	; 52	'4'
      0000C0 36                     233 	.db #0x36	; 54	'6'
      0000C1 2E                     234 	.db #0x2e	; 46
      0000C2 2F                     235 	.db #0x2f	; 47
      0000C3 2E                     236 	.db #0x2e	; 46
      0000C4 2F                     237 	.db #0x2f	; 47
      0000C5 2D                     238 	.db #0x2d	; 45
      0000C6 00                     239 	.db #0x00	; 0
      0000C7 00                     240 	.db #0x00	; 0
      0000C8 00                     241 	.db #0x00	; 0
      0000C9 00                     242 	.db #0x00	; 0
      0000CA 00                     243 	.db #0x00	; 0
      0000CB 37                     244 	.db #0x37	; 55	'7'
      0000CC 38                     245 	.db #0x38	; 56	'8'
      0000CD 2E                     246 	.db #0x2e	; 46
      0000CE 2F                     247 	.db #0x2f	; 47
      0000CF 2E                     248 	.db #0x2e	; 46
      0000D0 39                     249 	.db #0x39	; 57	'9'
      0000D1 3A                     250 	.db #0x3a	; 58
      0000D2 3A                     251 	.db #0x3a	; 58
      0000D3 3A                     252 	.db #0x3a	; 58
      0000D4 3B                     253 	.db #0x3b	; 59
      0000D5 2E                     254 	.db #0x2e	; 46
      0000D6 2F                     255 	.db #0x2f	; 47
      0000D7 2E                     256 	.db #0x2e	; 46
      0000D8 2F                     257 	.db #0x2f	; 47
      0000D9 3C                     258 	.db #0x3c	; 60
      0000DA 00                     259 	.db #0x00	; 0
      0000DB 00                     260 	.db #0x00	; 0
      0000DC 00                     261 	.db #0x00	; 0
      0000DD 00                     262 	.db #0x00	; 0
      0000DE 00                     263 	.db #0x00	; 0
      0000DF 00                     264 	.db #0x00	; 0
      0000E0 3D                     265 	.db #0x3d	; 61
      0000E1 2E                     266 	.db #0x2e	; 46
      0000E2 2F                     267 	.db #0x2f	; 47
      0000E3 2E                     268 	.db #0x2e	; 46
      0000E4 3E                     269 	.db #0x3e	; 62
      0000E5 3F                     270 	.db #0x3f	; 63
      0000E6 40                     271 	.db #0x40	; 64
      0000E7 41                     272 	.db #0x41	; 65	'A'
      0000E8 42                     273 	.db #0x42	; 66	'B'
      0000E9 2E                     274 	.db #0x2e	; 46
      0000EA 2F                     275 	.db #0x2f	; 47
      0000EB 2E                     276 	.db #0x2e	; 46
      0000EC 2F                     277 	.db #0x2f	; 47
      0000ED 43                     278 	.db #0x43	; 67	'C'
      0000EE 00                     279 	.db #0x00	; 0
      0000EF 00                     280 	.db #0x00	; 0
      0000F0 00                     281 	.db #0x00	; 0
      0000F1 00                     282 	.db #0x00	; 0
      0000F2 00                     283 	.db #0x00	; 0
      0000F3 00                     284 	.db #0x00	; 0
      0000F4 3D                     285 	.db #0x3d	; 61
      0000F5 2E                     286 	.db #0x2e	; 46
      0000F6 2F                     287 	.db #0x2f	; 47
      0000F7 2E                     288 	.db #0x2e	; 46
      0000F8 2F                     289 	.db #0x2f	; 47
      0000F9 2E                     290 	.db #0x2e	; 46
      0000FA 2F                     291 	.db #0x2f	; 47
      0000FB 2E                     292 	.db #0x2e	; 46
      0000FC 2F                     293 	.db #0x2f	; 47
      0000FD 2E                     294 	.db #0x2e	; 46
      0000FE 2F                     295 	.db #0x2f	; 47
      0000FF 2E                     296 	.db #0x2e	; 46
      000100 2F                     297 	.db #0x2f	; 47
      000101 44                     298 	.db #0x44	; 68	'D'
      000102 00                     299 	.db #0x00	; 0
      000103 00                     300 	.db #0x00	; 0
      000104 00                     301 	.db #0x00	; 0
      000105 00                     302 	.db #0x00	; 0
      000106 00                     303 	.db #0x00	; 0
      000107 00                     304 	.db #0x00	; 0
      000108 45                     305 	.db #0x45	; 69	'E'
      000109 46                     306 	.db #0x46	; 70	'F'
      00010A 47                     307 	.db #0x47	; 71	'G'
      00010B 46                     308 	.db #0x46	; 70	'F'
      00010C 47                     309 	.db #0x47	; 71	'G'
      00010D 46                     310 	.db #0x46	; 70	'F'
      00010E 47                     311 	.db #0x47	; 71	'G'
      00010F 46                     312 	.db #0x46	; 70	'F'
      000110 47                     313 	.db #0x47	; 71	'G'
      000111 48                     314 	.db #0x48	; 72	'H'
      000112 2F                     315 	.db #0x2f	; 47
      000113 2E                     316 	.db #0x2e	; 46
      000114 49                     317 	.db #0x49	; 73	'I'
      000115 4A                     318 	.db #0x4a	; 74	'J'
      000116 00                     319 	.db #0x00	; 0
      000117 00                     320 	.db #0x00	; 0
      000118 00                     321 	.db #0x00	; 0
      000119 00                     322 	.db #0x00	; 0
      00011A 00                     323 	.db #0x00	; 0
      00011B 00                     324 	.db #0x00	; 0
      00011C 00                     325 	.db #0x00	; 0
      00011D 00                     326 	.db #0x00	; 0
      00011E 00                     327 	.db #0x00	; 0
      00011F 00                     328 	.db #0x00	; 0
      000120 00                     329 	.db #0x00	; 0
      000121 00                     330 	.db #0x00	; 0
      000122 00                     331 	.db #0x00	; 0
      000123 00                     332 	.db #0x00	; 0
      000124 00                     333 	.db #0x00	; 0
      000125 45                     334 	.db #0x45	; 69	'E'
      000126 47                     335 	.db #0x47	; 71	'G'
      000127 46                     336 	.db #0x46	; 70	'F'
      000128 4A                     337 	.db #0x4a	; 74	'J'
      000129 00                     338 	.db #0x00	; 0
      00012A 00                     339 	.db #0x00	; 0
      00012B 00                     340 	.db #0x00	; 0
      00012C 00                     341 	.db #0x00	; 0
      00012D 00                     342 	.db #0x00	; 0
      00012E 00                     343 	.db #0x00	; 0
      00012F 00                     344 	.db #0x00	; 0
      000130 00                     345 	.db #0x00	; 0
      000131 00                     346 	.db #0x00	; 0
      000132 00                     347 	.db #0x00	; 0
      000133 00                     348 	.db #0x00	; 0
      000134 00                     349 	.db #0x00	; 0
      000135 00                     350 	.db #0x00	; 0
      000136 00                     351 	.db #0x00	; 0
      000137 00                     352 	.db #0x00	; 0
      000138 00                     353 	.db #0x00	; 0
      000139 00                     354 	.db #0x00	; 0
      00013A 00                     355 	.db #0x00	; 0
      00013B 00                     356 	.db #0x00	; 0
      00013C 00                     357 	.db #0x00	; 0
      00013D 00                     358 	.db #0x00	; 0
      00013E 00                     359 	.db #0x00	; 0
      00013F 00                     360 	.db #0x00	; 0
      000140 00                     361 	.db #0x00	; 0
      000141 00                     362 	.db #0x00	; 0
      000142 00                     363 	.db #0x00	; 0
      000143 00                     364 	.db #0x00	; 0
      000144 00                     365 	.db #0x00	; 0
      000145 00                     366 	.db #0x00	; 0
      000146 00                     367 	.db #0x00	; 0
      000147 00                     368 	.db #0x00	; 0
      000148 00                     369 	.db #0x00	; 0
      000149 00                     370 	.db #0x00	; 0
      00014A 00                     371 	.db #0x00	; 0
      00014B 00                     372 	.db #0x00	; 0
      00014C 00                     373 	.db #0x00	; 0
      00014D 00                     374 	.db #0x00	; 0
      00014E 00                     375 	.db #0x00	; 0
      00014F 00                     376 	.db #0x00	; 0
      000150 00                     377 	.db #0x00	; 0
      000151 00                     378 	.db #0x00	; 0
      000152 00                     379 	.db #0x00	; 0
      000153 00                     380 	.db #0x00	; 0
      000154 00                     381 	.db #0x00	; 0
      000155 00                     382 	.db #0x00	; 0
      000156 00                     383 	.db #0x00	; 0
      000157 00                     384 	.db #0x00	; 0
      000158 00                     385 	.db #0x00	; 0
      000159 00                     386 	.db #0x00	; 0
      00015A 00                     387 	.db #0x00	; 0
      00015B 00                     388 	.db #0x00	; 0
      00015C 00                     389 	.db #0x00	; 0
      00015D 00                     390 	.db #0x00	; 0
      00015E 00                     391 	.db #0x00	; 0
      00015F 00                     392 	.db #0x00	; 0
      000160 00                     393 	.db #0x00	; 0
      000161 00                     394 	.db #0x00	; 0
      000162 00                     395 	.db #0x00	; 0
      000163 00                     396 	.db #0x00	; 0
      000164 00                     397 	.db #0x00	; 0
      000165 00                     398 	.db #0x00	; 0
      000166 00                     399 	.db #0x00	; 0
      000167 00                     400 	.db #0x00	; 0
                                    401 	.area _CABS (ABS)
