                                      1 ;--------------------------------------------------------
                                      2 ; File Created by SDCC : free open source ANSI-C Compiler
                                      3 ; Version 4.0.4 #11941 (Mac OS X x86_64)
                                      4 ;--------------------------------------------------------
                                      5 	.module player
                                      6 	.optsdcc -mgbz80
                                      7 	
                                      8 ;--------------------------------------------------------
                                      9 ; Public variables in this module
                                     10 ;--------------------------------------------------------
                                     11 	.globl _PLAYER
                                     12 ;--------------------------------------------------------
                                     13 ; special function registers
                                     14 ;--------------------------------------------------------
                                     15 ;--------------------------------------------------------
                                     16 ; ram data
                                     17 ;--------------------------------------------------------
                                     18 	.area _DATA
                                     19 ;--------------------------------------------------------
                                     20 ; absolute external ram data
                                     21 ;--------------------------------------------------------
                                     22 	.area _DABS (ABS)
                                     23 ;--------------------------------------------------------
                                     24 ; global & static initialisations
                                     25 ;--------------------------------------------------------
                                     26 	.area _HOME
                                     27 	.area _GSINIT
                                     28 	.area _GSFINAL
                                     29 	.area _GSINIT
                                     30 ;--------------------------------------------------------
                                     31 ; Home
                                     32 ;--------------------------------------------------------
                                     33 	.area _HOME
                                     34 	.area _HOME
                                     35 ;--------------------------------------------------------
                                     36 ; code
                                     37 ;--------------------------------------------------------
                                     38 	.area _CODE
                                     39 	.area _CODE
      000000                         40 _PLAYER:
      000000 03                      41 	.db #0x03	; 3
      000001 03                      42 	.db #0x03	; 3
      000002 03                      43 	.db #0x03	; 3
      000003 0F                      44 	.db #0x0f	; 15
      000004 01                      45 	.db #0x01	; 1
      000005 1F                      46 	.db #0x1f	; 31
      000006 03                      47 	.db #0x03	; 3
      000007 3F                      48 	.db #0x3f	; 63
      000008 07                      49 	.db #0x07	; 7
      000009 39                      50 	.db #0x39	; 57	'9'
      00000A 6F                      51 	.db #0x6f	; 111	'o'
      00000B 10                      52 	.db #0x10	; 16
      00000C 7F                      53 	.db #0x7f	; 127
      00000D 02                      54 	.db #0x02	; 2
      00000E 1F                      55 	.db #0x1f	; 31
      00000F 02                      56 	.db #0x02	; 2
      000010 0F                      57 	.db #0x0f	; 15
      000011 01                      58 	.db #0x01	; 1
      000012 07                      59 	.db #0x07	; 7
      000013 07                      60 	.db #0x07	; 7
      000014 0B                      61 	.db #0x0b	; 11
      000015 0F                      62 	.db #0x0f	; 15
      000016 18                      63 	.db #0x18	; 24
      000017 07                      64 	.db #0x07	; 7
      000018 1F                      65 	.db #0x1f	; 31
      000019 07                      66 	.db #0x07	; 7
      00001A 07                      67 	.db #0x07	; 7
      00001B 0F                      68 	.db #0x0f	; 15
      00001C 0F                      69 	.db #0x0f	; 15
      00001D 0F                      70 	.db #0x0f	; 15
      00001E 0E                      71 	.db #0x0e	; 14
      00001F 0E                      72 	.db #0x0e	; 14
      000020 C0                      73 	.db #0xc0	; 192
      000021 C0                      74 	.db #0xc0	; 192
      000022 C0                      75 	.db #0xc0	; 192
      000023 F0                      76 	.db #0xf0	; 240
      000024 80                      77 	.db #0x80	; 128
      000025 F8                      78 	.db #0xf8	; 248
      000026 C0                      79 	.db #0xc0	; 192
      000027 FC                      80 	.db #0xfc	; 252
      000028 E0                      81 	.db #0xe0	; 224
      000029 9C                      82 	.db #0x9c	; 156
      00002A F6                      83 	.db #0xf6	; 246
      00002B 88                      84 	.db #0x88	; 136
      00002C FE                      85 	.db #0xfe	; 254
      00002D 40                      86 	.db #0x40	; 64
      00002E F8                      87 	.db #0xf8	; 248
      00002F 40                      88 	.db #0x40	; 64
      000030 F0                      89 	.db #0xf0	; 240
      000031 80                      90 	.db #0x80	; 128
      000032 E0                      91 	.db #0xe0	; 224
      000033 E0                      92 	.db #0xe0	; 224
      000034 D0                      93 	.db #0xd0	; 208
      000035 F0                      94 	.db #0xf0	; 240
      000036 18                      95 	.db #0x18	; 24
      000037 E0                      96 	.db #0xe0	; 224
      000038 F8                      97 	.db #0xf8	; 248
      000039 E0                      98 	.db #0xe0	; 224
      00003A E0                      99 	.db #0xe0	; 224
      00003B F0                     100 	.db #0xf0	; 240
      00003C F0                     101 	.db #0xf0	; 240
      00003D F0                     102 	.db #0xf0	; 240
      00003E 70                     103 	.db #0x70	; 112	'p'
      00003F 70                     104 	.db #0x70	; 112	'p'
      000040 03                     105 	.db #0x03	; 3
      000041 03                     106 	.db #0x03	; 3
      000042 03                     107 	.db #0x03	; 3
      000043 0F                     108 	.db #0x0f	; 15
      000044 01                     109 	.db #0x01	; 1
      000045 1F                     110 	.db #0x1f	; 31
      000046 03                     111 	.db #0x03	; 3
      000047 3F                     112 	.db #0x3f	; 63
      000048 07                     113 	.db #0x07	; 7
      000049 39                     114 	.db #0x39	; 57	'9'
      00004A 6F                     115 	.db #0x6f	; 111	'o'
      00004B 10                     116 	.db #0x10	; 16
      00004C 7F                     117 	.db #0x7f	; 127
      00004D 02                     118 	.db #0x02	; 2
      00004E 1F                     119 	.db #0x1f	; 31
      00004F 02                     120 	.db #0x02	; 2
      000050 0F                     121 	.db #0x0f	; 15
      000051 01                     122 	.db #0x01	; 1
      000052 07                     123 	.db #0x07	; 7
      000053 07                     124 	.db #0x07	; 7
      000054 0F                     125 	.db #0x0f	; 15
      000055 0F                     126 	.db #0x0f	; 15
      000056 0C                     127 	.db #0x0c	; 12
      000057 0F                     128 	.db #0x0f	; 15
      000058 0F                     129 	.db #0x0f	; 15
      000059 0F                     130 	.db #0x0f	; 15
      00005A 07                     131 	.db #0x07	; 7
      00005B 07                     132 	.db #0x07	; 7
      00005C 07                     133 	.db #0x07	; 7
      00005D 07                     134 	.db #0x07	; 7
      00005E 01                     135 	.db #0x01	; 1
      00005F 01                     136 	.db #0x01	; 1
      000060 C0                     137 	.db #0xc0	; 192
      000061 C0                     138 	.db #0xc0	; 192
      000062 C0                     139 	.db #0xc0	; 192
      000063 F0                     140 	.db #0xf0	; 240
      000064 80                     141 	.db #0x80	; 128
      000065 F8                     142 	.db #0xf8	; 248
      000066 C0                     143 	.db #0xc0	; 192
      000067 FC                     144 	.db #0xfc	; 252
      000068 E0                     145 	.db #0xe0	; 224
      000069 9C                     146 	.db #0x9c	; 156
      00006A F6                     147 	.db #0xf6	; 246
      00006B 88                     148 	.db #0x88	; 136
      00006C FE                     149 	.db #0xfe	; 254
      00006D 40                     150 	.db #0x40	; 64
      00006E F8                     151 	.db #0xf8	; 248
      00006F 40                     152 	.db #0x40	; 64
      000070 F0                     153 	.db #0xf0	; 240
      000071 80                     154 	.db #0x80	; 128
      000072 E0                     155 	.db #0xe0	; 224
      000073 E0                     156 	.db #0xe0	; 224
      000074 10                     157 	.db #0x10	; 16
      000075 F0                     158 	.db #0xf0	; 240
      000076 18                     159 	.db #0x18	; 24
      000077 E0                     160 	.db #0xe0	; 224
      000078 D8                     161 	.db #0xd8	; 216
      000079 E0                     162 	.db #0xe0	; 224
      00007A E0                     163 	.db #0xe0	; 224
      00007B F0                     164 	.db #0xf0	; 240
      00007C F0                     165 	.db #0xf0	; 240
      00007D F0                     166 	.db #0xf0	; 240
      00007E E0                     167 	.db #0xe0	; 224
      00007F E0                     168 	.db #0xe0	; 224
      000080 03                     169 	.db #0x03	; 3
      000081 03                     170 	.db #0x03	; 3
      000082 03                     171 	.db #0x03	; 3
      000083 0F                     172 	.db #0x0f	; 15
      000084 01                     173 	.db #0x01	; 1
      000085 1F                     174 	.db #0x1f	; 31
      000086 03                     175 	.db #0x03	; 3
      000087 3F                     176 	.db #0x3f	; 63
      000088 07                     177 	.db #0x07	; 7
      000089 39                     178 	.db #0x39	; 57	'9'
      00008A 6F                     179 	.db #0x6f	; 111	'o'
      00008B 10                     180 	.db #0x10	; 16
      00008C 7F                     181 	.db #0x7f	; 127
      00008D 02                     182 	.db #0x02	; 2
      00008E 1F                     183 	.db #0x1f	; 31
      00008F 02                     184 	.db #0x02	; 2
      000090 0F                     185 	.db #0x0f	; 15
      000091 01                     186 	.db #0x01	; 1
      000092 07                     187 	.db #0x07	; 7
      000093 07                     188 	.db #0x07	; 7
      000094 08                     189 	.db #0x08	; 8
      000095 0F                     190 	.db #0x0f	; 15
      000096 18                     191 	.db #0x18	; 24
      000097 07                     192 	.db #0x07	; 7
      000098 1B                     193 	.db #0x1b	; 27
      000099 07                     194 	.db #0x07	; 7
      00009A 07                     195 	.db #0x07	; 7
      00009B 0F                     196 	.db #0x0f	; 15
      00009C 0F                     197 	.db #0x0f	; 15
      00009D 0F                     198 	.db #0x0f	; 15
      00009E 07                     199 	.db #0x07	; 7
      00009F 07                     200 	.db #0x07	; 7
      0000A0 C0                     201 	.db #0xc0	; 192
      0000A1 C0                     202 	.db #0xc0	; 192
      0000A2 C0                     203 	.db #0xc0	; 192
      0000A3 F0                     204 	.db #0xf0	; 240
      0000A4 80                     205 	.db #0x80	; 128
      0000A5 F8                     206 	.db #0xf8	; 248
      0000A6 C0                     207 	.db #0xc0	; 192
      0000A7 FC                     208 	.db #0xfc	; 252
      0000A8 E0                     209 	.db #0xe0	; 224
      0000A9 9C                     210 	.db #0x9c	; 156
      0000AA F6                     211 	.db #0xf6	; 246
      0000AB 88                     212 	.db #0x88	; 136
      0000AC FE                     213 	.db #0xfe	; 254
      0000AD 40                     214 	.db #0x40	; 64
      0000AE F8                     215 	.db #0xf8	; 248
      0000AF 40                     216 	.db #0x40	; 64
      0000B0 F0                     217 	.db #0xf0	; 240
      0000B1 80                     218 	.db #0x80	; 128
      0000B2 E0                     219 	.db #0xe0	; 224
      0000B3 E0                     220 	.db #0xe0	; 224
      0000B4 F0                     221 	.db #0xf0	; 240
      0000B5 F0                     222 	.db #0xf0	; 240
      0000B6 30                     223 	.db #0x30	; 48	'0'
      0000B7 F0                     224 	.db #0xf0	; 240
      0000B8 F0                     225 	.db #0xf0	; 240
      0000B9 F0                     226 	.db #0xf0	; 240
      0000BA E0                     227 	.db #0xe0	; 224
      0000BB E0                     228 	.db #0xe0	; 224
      0000BC E0                     229 	.db #0xe0	; 224
      0000BD E0                     230 	.db #0xe0	; 224
      0000BE 80                     231 	.db #0x80	; 128
      0000BF 80                     232 	.db #0x80	; 128
      0000C0 03                     233 	.db #0x03	; 3
      0000C1 03                     234 	.db #0x03	; 3
      0000C2 03                     235 	.db #0x03	; 3
      0000C3 0F                     236 	.db #0x0f	; 15
      0000C4 01                     237 	.db #0x01	; 1
      0000C5 1F                     238 	.db #0x1f	; 31
      0000C6 03                     239 	.db #0x03	; 3
      0000C7 3F                     240 	.db #0x3f	; 63
      0000C8 01                     241 	.db #0x01	; 1
      0000C9 3F                     242 	.db #0x3f	; 63
      0000CA 43                     243 	.db #0x43	; 67	'C'
      0000CB 3F                     244 	.db #0x3f	; 63
      0000CC 61                     245 	.db #0x61	; 97	'a'
      0000CD 1F                     246 	.db #0x1f	; 31
      0000CE 11                     247 	.db #0x11	; 17
      0000CF 0F                     248 	.db #0x0f	; 15
      0000D0 0F                     249 	.db #0x0f	; 15
      0000D1 00                     250 	.db #0x00	; 0
      0000D2 07                     251 	.db #0x07	; 7
      0000D3 07                     252 	.db #0x07	; 7
      0000D4 0B                     253 	.db #0x0b	; 11
      0000D5 0F                     254 	.db #0x0f	; 15
      0000D6 18                     255 	.db #0x18	; 24
      0000D7 07                     256 	.db #0x07	; 7
      0000D8 1F                     257 	.db #0x1f	; 31
      0000D9 07                     258 	.db #0x07	; 7
      0000DA 07                     259 	.db #0x07	; 7
      0000DB 0F                     260 	.db #0x0f	; 15
      0000DC 0F                     261 	.db #0x0f	; 15
      0000DD 0F                     262 	.db #0x0f	; 15
      0000DE 0E                     263 	.db #0x0e	; 14
      0000DF 0E                     264 	.db #0x0e	; 14
      0000E0 C0                     265 	.db #0xc0	; 192
      0000E1 C0                     266 	.db #0xc0	; 192
      0000E2 C0                     267 	.db #0xc0	; 192
      0000E3 F0                     268 	.db #0xf0	; 240
      0000E4 80                     269 	.db #0x80	; 128
      0000E5 F8                     270 	.db #0xf8	; 248
      0000E6 C0                     271 	.db #0xc0	; 192
      0000E7 FC                     272 	.db #0xfc	; 252
      0000E8 80                     273 	.db #0x80	; 128
      0000E9 FC                     274 	.db #0xfc	; 252
      0000EA C2                     275 	.db #0xc2	; 194
      0000EB FC                     276 	.db #0xfc	; 252
      0000EC 86                     277 	.db #0x86	; 134
      0000ED F8                     278 	.db #0xf8	; 248
      0000EE 88                     279 	.db #0x88	; 136
      0000EF F0                     280 	.db #0xf0	; 240
      0000F0 F0                     281 	.db #0xf0	; 240
      0000F1 80                     282 	.db #0x80	; 128
      0000F2 E0                     283 	.db #0xe0	; 224
      0000F3 E0                     284 	.db #0xe0	; 224
      0000F4 D0                     285 	.db #0xd0	; 208
      0000F5 F0                     286 	.db #0xf0	; 240
      0000F6 18                     287 	.db #0x18	; 24
      0000F7 E0                     288 	.db #0xe0	; 224
      0000F8 F8                     289 	.db #0xf8	; 248
      0000F9 E0                     290 	.db #0xe0	; 224
      0000FA E0                     291 	.db #0xe0	; 224
      0000FB F0                     292 	.db #0xf0	; 240
      0000FC F0                     293 	.db #0xf0	; 240
      0000FD F0                     294 	.db #0xf0	; 240
      0000FE 70                     295 	.db #0x70	; 112	'p'
      0000FF 70                     296 	.db #0x70	; 112	'p'
      000100 03                     297 	.db #0x03	; 3
      000101 03                     298 	.db #0x03	; 3
      000102 03                     299 	.db #0x03	; 3
      000103 0F                     300 	.db #0x0f	; 15
      000104 01                     301 	.db #0x01	; 1
      000105 1F                     302 	.db #0x1f	; 31
      000106 03                     303 	.db #0x03	; 3
      000107 3F                     304 	.db #0x3f	; 63
      000108 01                     305 	.db #0x01	; 1
      000109 3F                     306 	.db #0x3f	; 63
      00010A 43                     307 	.db #0x43	; 67	'C'
      00010B 3F                     308 	.db #0x3f	; 63
      00010C 61                     309 	.db #0x61	; 97	'a'
      00010D 1F                     310 	.db #0x1f	; 31
      00010E 11                     311 	.db #0x11	; 17
      00010F 0F                     312 	.db #0x0f	; 15
      000110 0F                     313 	.db #0x0f	; 15
      000111 00                     314 	.db #0x00	; 0
      000112 07                     315 	.db #0x07	; 7
      000113 07                     316 	.db #0x07	; 7
      000114 0F                     317 	.db #0x0f	; 15
      000115 0F                     318 	.db #0x0f	; 15
      000116 0C                     319 	.db #0x0c	; 12
      000117 0F                     320 	.db #0x0f	; 15
      000118 0F                     321 	.db #0x0f	; 15
      000119 0F                     322 	.db #0x0f	; 15
      00011A 07                     323 	.db #0x07	; 7
      00011B 07                     324 	.db #0x07	; 7
      00011C 07                     325 	.db #0x07	; 7
      00011D 07                     326 	.db #0x07	; 7
      00011E 01                     327 	.db #0x01	; 1
      00011F 01                     328 	.db #0x01	; 1
      000120 C0                     329 	.db #0xc0	; 192
      000121 C0                     330 	.db #0xc0	; 192
      000122 C0                     331 	.db #0xc0	; 192
      000123 F0                     332 	.db #0xf0	; 240
      000124 80                     333 	.db #0x80	; 128
      000125 F8                     334 	.db #0xf8	; 248
      000126 C0                     335 	.db #0xc0	; 192
      000127 FC                     336 	.db #0xfc	; 252
      000128 80                     337 	.db #0x80	; 128
      000129 FC                     338 	.db #0xfc	; 252
      00012A C2                     339 	.db #0xc2	; 194
      00012B FC                     340 	.db #0xfc	; 252
      00012C 86                     341 	.db #0x86	; 134
      00012D F8                     342 	.db #0xf8	; 248
      00012E 88                     343 	.db #0x88	; 136
      00012F F0                     344 	.db #0xf0	; 240
      000130 F0                     345 	.db #0xf0	; 240
      000131 80                     346 	.db #0x80	; 128
      000132 E0                     347 	.db #0xe0	; 224
      000133 E0                     348 	.db #0xe0	; 224
      000134 10                     349 	.db #0x10	; 16
      000135 F0                     350 	.db #0xf0	; 240
      000136 18                     351 	.db #0x18	; 24
      000137 E0                     352 	.db #0xe0	; 224
      000138 D8                     353 	.db #0xd8	; 216
      000139 E0                     354 	.db #0xe0	; 224
      00013A E0                     355 	.db #0xe0	; 224
      00013B F0                     356 	.db #0xf0	; 240
      00013C F0                     357 	.db #0xf0	; 240
      00013D F0                     358 	.db #0xf0	; 240
      00013E E0                     359 	.db #0xe0	; 224
      00013F E0                     360 	.db #0xe0	; 224
      000140 03                     361 	.db #0x03	; 3
      000141 03                     362 	.db #0x03	; 3
      000142 03                     363 	.db #0x03	; 3
      000143 0F                     364 	.db #0x0f	; 15
      000144 01                     365 	.db #0x01	; 1
      000145 1F                     366 	.db #0x1f	; 31
      000146 03                     367 	.db #0x03	; 3
      000147 3F                     368 	.db #0x3f	; 63
      000148 01                     369 	.db #0x01	; 1
      000149 3F                     370 	.db #0x3f	; 63
      00014A 43                     371 	.db #0x43	; 67	'C'
      00014B 3F                     372 	.db #0x3f	; 63
      00014C 61                     373 	.db #0x61	; 97	'a'
      00014D 1F                     374 	.db #0x1f	; 31
      00014E 11                     375 	.db #0x11	; 17
      00014F 0F                     376 	.db #0x0f	; 15
      000150 0F                     377 	.db #0x0f	; 15
      000151 00                     378 	.db #0x00	; 0
      000152 07                     379 	.db #0x07	; 7
      000153 07                     380 	.db #0x07	; 7
      000154 08                     381 	.db #0x08	; 8
      000155 0F                     382 	.db #0x0f	; 15
      000156 18                     383 	.db #0x18	; 24
      000157 07                     384 	.db #0x07	; 7
      000158 1B                     385 	.db #0x1b	; 27
      000159 07                     386 	.db #0x07	; 7
      00015A 07                     387 	.db #0x07	; 7
      00015B 0F                     388 	.db #0x0f	; 15
      00015C 0F                     389 	.db #0x0f	; 15
      00015D 0F                     390 	.db #0x0f	; 15
      00015E 07                     391 	.db #0x07	; 7
      00015F 07                     392 	.db #0x07	; 7
      000160 C0                     393 	.db #0xc0	; 192
      000161 C0                     394 	.db #0xc0	; 192
      000162 C0                     395 	.db #0xc0	; 192
      000163 F0                     396 	.db #0xf0	; 240
      000164 80                     397 	.db #0x80	; 128
      000165 F8                     398 	.db #0xf8	; 248
      000166 C0                     399 	.db #0xc0	; 192
      000167 FC                     400 	.db #0xfc	; 252
      000168 80                     401 	.db #0x80	; 128
      000169 FC                     402 	.db #0xfc	; 252
      00016A C2                     403 	.db #0xc2	; 194
      00016B FC                     404 	.db #0xfc	; 252
      00016C 86                     405 	.db #0x86	; 134
      00016D F8                     406 	.db #0xf8	; 248
      00016E 88                     407 	.db #0x88	; 136
      00016F F0                     408 	.db #0xf0	; 240
      000170 F0                     409 	.db #0xf0	; 240
      000171 80                     410 	.db #0x80	; 128
      000172 E0                     411 	.db #0xe0	; 224
      000173 E0                     412 	.db #0xe0	; 224
      000174 F0                     413 	.db #0xf0	; 240
      000175 F0                     414 	.db #0xf0	; 240
      000176 30                     415 	.db #0x30	; 48	'0'
      000177 F0                     416 	.db #0xf0	; 240
      000178 F0                     417 	.db #0xf0	; 240
      000179 F0                     418 	.db #0xf0	; 240
      00017A E0                     419 	.db #0xe0	; 224
      00017B E0                     420 	.db #0xe0	; 224
      00017C E0                     421 	.db #0xe0	; 224
      00017D E0                     422 	.db #0xe0	; 224
      00017E 80                     423 	.db #0x80	; 128
      00017F 80                     424 	.db #0x80	; 128
      000180 0F                     425 	.db #0x0f	; 15
      000181 0F                     426 	.db #0x0f	; 15
      000182 1D                     427 	.db #0x1d	; 29
      000183 1F                     428 	.db #0x1f	; 31
      000184 3E                     429 	.db #0x3e	; 62
      000185 3F                     430 	.db #0x3f	; 63
      000186 3A                     431 	.db #0x3a	; 58
      000187 3F                     432 	.db #0x3f	; 63
      000188 28                     433 	.db #0x28	; 40
      000189 3F                     434 	.db #0x3f	; 63
      00018A 63                     435 	.db #0x63	; 99	'c'
      00018B 1C                     436 	.db #0x1c	; 28
      00018C 7F                     437 	.db #0x7f	; 127
      00018D 00                     438 	.db #0x00	; 0
      00018E 3F                     439 	.db #0x3f	; 63
      00018F 00                     440 	.db #0x00	; 0
      000190 0F                     441 	.db #0x0f	; 15
      000191 00                     442 	.db #0x00	; 0
      000192 07                     443 	.db #0x07	; 7
      000193 07                     444 	.db #0x07	; 7
      000194 08                     445 	.db #0x08	; 8
      000195 0F                     446 	.db #0x0f	; 15
      000196 0B                     447 	.db #0x0b	; 11
      000197 0C                     448 	.db #0x0c	; 12
      000198 0F                     449 	.db #0x0f	; 15
      000199 0C                     450 	.db #0x0c	; 12
      00019A 0F                     451 	.db #0x0f	; 15
      00019B 0F                     452 	.db #0x0f	; 15
      00019C 07                     453 	.db #0x07	; 7
      00019D 07                     454 	.db #0x07	; 7
      00019E 03                     455 	.db #0x03	; 3
      00019F 03                     456 	.db #0x03	; 3
      0001A0 E8                     457 	.db #0xe8	; 232
      0001A1 E8                     458 	.db #0xe8	; 232
      0001A2 FE                     459 	.db #0xfe	; 254
      0001A3 FE                     460 	.db #0xfe	; 254
      0001A4 5C                     461 	.db #0x5c	; 92
      0001A5 FC                     462 	.db #0xfc	; 252
      0001A6 08                     463 	.db #0x08	; 8
      0001A7 F8                     464 	.db #0xf8	; 248
      0001A8 FC                     465 	.db #0xfc	; 252
      0001A9 0C                     466 	.db #0x0c	; 12
      0001AA FC                     467 	.db #0xfc	; 252
      0001AB 04                     468 	.db #0x04	; 4
      0001AC F8                     469 	.db #0xf8	; 248
      0001AD 20                     470 	.db #0x20	; 32
      0001AE FC                     471 	.db #0xfc	; 252
      0001AF 20                     472 	.db #0x20	; 32
      0001B0 F8                     473 	.db #0xf8	; 248
      0001B1 08                     474 	.db #0x08	; 8
      0001B2 F0                     475 	.db #0xf0	; 240
      0001B3 F0                     476 	.db #0xf0	; 240
      0001B4 E0                     477 	.db #0xe0	; 224
      0001B5 E0                     478 	.db #0xe0	; 224
      0001B6 A0                     479 	.db #0xa0	; 160
      0001B7 E0                     480 	.db #0xe0	; 224
      0001B8 E0                     481 	.db #0xe0	; 224
      0001B9 E0                     482 	.db #0xe0	; 224
      0001BA E0                     483 	.db #0xe0	; 224
      0001BB E0                     484 	.db #0xe0	; 224
      0001BC E0                     485 	.db #0xe0	; 224
      0001BD E0                     486 	.db #0xe0	; 224
      0001BE F0                     487 	.db #0xf0	; 240
      0001BF F0                     488 	.db #0xf0	; 240
      0001C0 0F                     489 	.db #0x0f	; 15
      0001C1 0F                     490 	.db #0x0f	; 15
      0001C2 1D                     491 	.db #0x1d	; 29
      0001C3 1F                     492 	.db #0x1f	; 31
      0001C4 3E                     493 	.db #0x3e	; 62
      0001C5 3F                     494 	.db #0x3f	; 63
      0001C6 3A                     495 	.db #0x3a	; 58
      0001C7 3F                     496 	.db #0x3f	; 63
      0001C8 28                     497 	.db #0x28	; 40
      0001C9 3F                     498 	.db #0x3f	; 63
      0001CA 63                     499 	.db #0x63	; 99	'c'
      0001CB 1C                     500 	.db #0x1c	; 28
      0001CC 7F                     501 	.db #0x7f	; 127
      0001CD 00                     502 	.db #0x00	; 0
      0001CE 3F                     503 	.db #0x3f	; 63
      0001CF 00                     504 	.db #0x00	; 0
      0001D0 0F                     505 	.db #0x0f	; 15
      0001D1 00                     506 	.db #0x00	; 0
      0001D2 07                     507 	.db #0x07	; 7
      0001D3 07                     508 	.db #0x07	; 7
      0001D4 04                     509 	.db #0x04	; 4
      0001D5 07                     510 	.db #0x07	; 7
      0001D6 0F                     511 	.db #0x0f	; 15
      0001D7 0C                     512 	.db #0x0c	; 12
      0001D8 0F                     513 	.db #0x0f	; 15
      0001D9 0C                     514 	.db #0x0c	; 12
      0001DA 0F                     515 	.db #0x0f	; 15
      0001DB 0F                     516 	.db #0x0f	; 15
      0001DC 0F                     517 	.db #0x0f	; 15
      0001DD 0F                     518 	.db #0x0f	; 15
      0001DE 0E                     519 	.db #0x0e	; 14
      0001DF 0E                     520 	.db #0x0e	; 14
      0001E0 E8                     521 	.db #0xe8	; 232
      0001E1 E8                     522 	.db #0xe8	; 232
      0001E2 FE                     523 	.db #0xfe	; 254
      0001E3 FE                     524 	.db #0xfe	; 254
      0001E4 5C                     525 	.db #0x5c	; 92
      0001E5 FC                     526 	.db #0xfc	; 252
      0001E6 08                     527 	.db #0x08	; 8
      0001E7 F8                     528 	.db #0xf8	; 248
      0001E8 FC                     529 	.db #0xfc	; 252
      0001E9 0C                     530 	.db #0x0c	; 12
      0001EA FC                     531 	.db #0xfc	; 252
      0001EB 04                     532 	.db #0x04	; 4
      0001EC F8                     533 	.db #0xf8	; 248
      0001ED 20                     534 	.db #0x20	; 32
      0001EE FC                     535 	.db #0xfc	; 252
      0001EF 20                     536 	.db #0x20	; 32
      0001F0 F8                     537 	.db #0xf8	; 248
      0001F1 08                     538 	.db #0x08	; 8
      0001F2 F0                     539 	.db #0xf0	; 240
      0001F3 F0                     540 	.db #0xf0	; 240
      0001F4 70                     541 	.db #0x70	; 112	'p'
      0001F5 F0                     542 	.db #0xf0	; 240
      0001F6 90                     543 	.db #0x90	; 144
      0001F7 F0                     544 	.db #0xf0	; 240
      0001F8 F0                     545 	.db #0xf0	; 240
      0001F9 F0                     546 	.db #0xf0	; 240
      0001FA FE                     547 	.db #0xfe	; 254
      0001FB FE                     548 	.db #0xfe	; 254
      0001FC FC                     549 	.db #0xfc	; 252
      0001FD FC                     550 	.db #0xfc	; 252
      0001FE 38                     551 	.db #0x38	; 56	'8'
      0001FF 38                     552 	.db #0x38	; 56	'8'
      000200 0F                     553 	.db #0x0f	; 15
      000201 0F                     554 	.db #0x0f	; 15
      000202 1D                     555 	.db #0x1d	; 29
      000203 1F                     556 	.db #0x1f	; 31
      000204 3E                     557 	.db #0x3e	; 62
      000205 3F                     558 	.db #0x3f	; 63
      000206 3A                     559 	.db #0x3a	; 58
      000207 3F                     560 	.db #0x3f	; 63
      000208 28                     561 	.db #0x28	; 40
      000209 3F                     562 	.db #0x3f	; 63
      00020A 63                     563 	.db #0x63	; 99	'c'
      00020B 1C                     564 	.db #0x1c	; 28
      00020C 7F                     565 	.db #0x7f	; 127
      00020D 00                     566 	.db #0x00	; 0
      00020E 3F                     567 	.db #0x3f	; 63
      00020F 00                     568 	.db #0x00	; 0
      000210 0F                     569 	.db #0x0f	; 15
      000211 00                     570 	.db #0x00	; 0
      000212 07                     571 	.db #0x07	; 7
      000213 07                     572 	.db #0x07	; 7
      000214 04                     573 	.db #0x04	; 4
      000215 07                     574 	.db #0x07	; 7
      000216 0F                     575 	.db #0x0f	; 15
      000217 0C                     576 	.db #0x0c	; 12
      000218 0F                     577 	.db #0x0f	; 15
      000219 0C                     578 	.db #0x0c	; 12
      00021A 0F                     579 	.db #0x0f	; 15
      00021B 0F                     580 	.db #0x0f	; 15
      00021C 0F                     581 	.db #0x0f	; 15
      00021D 0F                     582 	.db #0x0f	; 15
      00021E 07                     583 	.db #0x07	; 7
      00021F 07                     584 	.db #0x07	; 7
      000220 E8                     585 	.db #0xe8	; 232
      000221 E8                     586 	.db #0xe8	; 232
      000222 FE                     587 	.db #0xfe	; 254
      000223 FE                     588 	.db #0xfe	; 254
      000224 5C                     589 	.db #0x5c	; 92
      000225 FC                     590 	.db #0xfc	; 252
      000226 08                     591 	.db #0x08	; 8
      000227 F8                     592 	.db #0xf8	; 248
      000228 FC                     593 	.db #0xfc	; 252
      000229 0C                     594 	.db #0x0c	; 12
      00022A FC                     595 	.db #0xfc	; 252
      00022B 04                     596 	.db #0x04	; 4
      00022C F8                     597 	.db #0xf8	; 248
      00022D 20                     598 	.db #0x20	; 32
      00022E FC                     599 	.db #0xfc	; 252
      00022F 20                     600 	.db #0x20	; 32
      000230 F8                     601 	.db #0xf8	; 248
      000231 08                     602 	.db #0x08	; 8
      000232 F0                     603 	.db #0xf0	; 240
      000233 F0                     604 	.db #0xf0	; 240
      000234 70                     605 	.db #0x70	; 112	'p'
      000235 F0                     606 	.db #0xf0	; 240
      000236 90                     607 	.db #0x90	; 144
      000237 F0                     608 	.db #0xf0	; 240
      000238 F0                     609 	.db #0xf0	; 240
      000239 F0                     610 	.db #0xf0	; 240
      00023A F0                     611 	.db #0xf0	; 240
      00023B F0                     612 	.db #0xf0	; 240
      00023C FC                     613 	.db #0xfc	; 252
      00023D FC                     614 	.db #0xfc	; 252
      00023E 78                     615 	.db #0x78	; 120	'x'
      00023F 78                     616 	.db #0x78	; 120	'x'
                                    617 	.area _CABS (ABS)
